Archive member included because of file (symbol)

C:\Program Files (x86)\VEX Robotics\VEXcode Pro V5\sdk/vexv5\libv5rt.a(v5_startup.c.obj)
                              (vexStartup)
C:\Program Files (x86)\VEX Robotics\VEXcode Pro V5\sdk/vexv5\libv5rt.a(v5_util.c.obj)
                              C:\Program Files (x86)\VEX Robotics\VEXcode Pro V5\sdk/vexv5\libv5rt.a(v5_startup.c.obj) (vexStdlibVersionLinked)
C:\Program Files (x86)\VEX Robotics\VEXcode Pro V5\sdk/vexv5\libv5rt.a(v5_apijump.c.obj)
                              C:\Program Files (x86)\VEX Robotics\VEXcode Pro V5\sdk/vexv5\libv5rt.a(v5_startup.c.obj) (vexPrivateApiEnable)
C:\Program Files (x86)\VEX Robotics\VEXcode Pro V5\sdk/vexv5\libv5rt.a(v5_apiversions.c.obj)
                              C:\Program Files (x86)\VEX Robotics\VEXcode Pro V5\sdk/vexv5\libv5rt.a(v5_apijump.c.obj) (vexSystemVersion)
C:\Program Files (x86)\VEX Robotics\VEXcode Pro V5\sdk/vexv5\libv5rt.a(vex_global.cpp.obj)
                              build/src/main.o (vex::wait(double, vex::timeUnits))
C:\Program Files (x86)\VEX Robotics\VEXcode Pro V5\sdk/vexv5\libv5rt.a(vex_motor.cpp.obj)
                              build/src/robot-config.o (vex::motor::~motor())
C:\Program Files (x86)\VEX Robotics\VEXcode Pro V5\sdk/vexv5\libv5rt.a(vex_vision.cpp.obj)
                              build/src/autonFunctions.o (vex::vision::~vision())
C:\Program Files (x86)\VEX Robotics\VEXcode Pro V5\sdk/vexv5\libv5rt.a(vex_imu.cpp.obj)
                              build/src/robot-config.o (vex::inertial::~inertial())
C:\Program Files (x86)\VEX Robotics\VEXcode Pro V5\sdk/vexv5\libv5rt.a(vex_controller.cpp.obj)
                              build/src/robot-config.o (vex::controller::~controller())
C:\Program Files (x86)\VEX Robotics\VEXcode Pro V5\sdk/vexv5\libv5rt.a(vex_task.cpp.obj)
                              build/src/main.o (vex::task::task(int (*)()))
C:\Program Files (x86)\VEX Robotics\VEXcode Pro V5\sdk/vexv5\libv5rt.a(vex_thread.cpp.obj)
                              C:\Program Files (x86)\VEX Robotics\VEXcode Pro V5\sdk/vexv5\libv5rt.a(vex_global.cpp.obj) (vex::this_thread::sleep_for(unsigned long))
C:\Program Files (x86)\VEX Robotics\VEXcode Pro V5\sdk/vexv5\libv5rt.a(vex_event.cpp.obj)
                              C:\Program Files (x86)\VEX Robotics\VEXcode Pro V5\sdk/vexv5\libv5rt.a(vex_imu.cpp.obj) (vex::event::init(unsigned long, unsigned long, void (*)()))
C:\Program Files (x86)\VEX Robotics\VEXcode Pro V5\sdk/vexv5\libv5rt.a(vex_mevent.cpp.obj)
                              C:\Program Files (x86)\VEX Robotics\VEXcode Pro V5\sdk/vexv5\libv5rt.a(vex_controller.cpp.obj) (vex::mevent::mevent(unsigned long, unsigned long))
C:\Program Files (x86)\VEX Robotics\VEXcode Pro V5\sdk/vexv5\libv5rt.a(vex_brain.cpp.obj)
                              build/src/robot-config.o (vex::brain::brain())
C:\Program Files (x86)\VEX Robotics\VEXcode Pro V5\sdk/vexv5\libv5rt.a(vex_competition.cpp.obj)
                              build/src/main.o (vex::competition::competition())
C:\Program Files (x86)\VEX Robotics\VEXcode Pro V5\sdk/vexv5\libv5rt.a(vex_triport.cpp.obj)
                              C:\Program Files (x86)\VEX Robotics\VEXcode Pro V5\sdk/vexv5\libv5rt.a(vex_brain.cpp.obj) (vex::triport::~triport())
C:\Program Files (x86)\VEX Robotics\VEXcode Pro V5\sdk/vexv5\libv5rt.a(vex_color.cpp.obj)
                              build/src/autonFunctions.o (vex::color::~color())
C:\Program Files (x86)\VEX Robotics\VEXcode Pro V5\sdk/vexv5\libv5rt.a(vex_timer.cpp.obj)
                              build/src/tracking.o (vex::timer::~timer())
C:\Program Files (x86)\VEX Robotics\VEXcode Pro V5\sdk/vexv5\libv5rt.a(vex_motorgroup.cpp.obj)
                              build/src/robot-config.o (vex::motor_group::motor_group())
C:\Program Files (x86)\VEX Robotics\VEXcode Pro V5\sdk/vexv5\libv5rt.a(v5_apiuser.c.obj)
                              C:\Program Files (x86)\VEX Robotics\VEXcode Pro V5\sdk/vexv5\libv5rt.a(vex_triport.cpp.obj) (vexAdiPortConfigSet)
C:\Program Files (x86)\VEX Robotics\VEXcode Pro V5\sdk/vexv5\libv5rt.a(vex_device.cpp.obj)
                              C:\Program Files (x86)\VEX Robotics\VEXcode Pro V5\sdk/vexv5\libv5rt.a(vex_motor.cpp.obj) (vex::device::~device())
C:\Program Files (x86)\VEX Robotics\VEXcode Pro V5\sdk/vexv5/gcc/libs\libc.a(lib_a-aeabi_memclr.o)
                              build/src/autonFunctions.o (__aeabi_memclr8)
C:\Program Files (x86)\VEX Robotics\VEXcode Pro V5\sdk/vexv5/gcc/libs\libc.a(lib_a-aeabi_memset-soft.o)
                              C:\Program Files (x86)\VEX Robotics\VEXcode Pro V5\sdk/vexv5/gcc/libs\libc.a(lib_a-aeabi_memclr.o) (__aeabi_memset)
C:\Program Files (x86)\VEX Robotics\VEXcode Pro V5\sdk/vexv5/gcc/libs\libc.a(lib_a-fini.o)
                              C:\Program Files (x86)\VEX Robotics\VEXcode Pro V5\sdk/vexv5\libv5rt.a(v5_startup.c.obj) (__libc_fini_array)
[...]
Memory Configuration

Name             Origin             Length             Attributes
ps7_ddr_0_S_AXI_BASEADDR 0x03800000         0x04800000
*default*        0x00000000         0xffffffff

Linker script and memory map

                0x00002000                _STACK_SIZE = DEFINED (_STACK_SIZE)?_STACK_SIZE:0x2000
                0x00100000                _HEAP_SIZE = DEFINED (_HEAP_SIZE)?_HEAP_SIZE:0x100000
                0x00000400                _ABORT_STACK_SIZE = DEFINED (_ABORT_STACK_SIZE)?_ABORT_STACK_SIZE:0x400
                0x00000800                _SUPERVISOR_STACK_SIZE = DEFINED (_SUPERVISOR_STACK_SIZE)?_SUPERVISOR_STACK_SIZE:0x800
                0x00000400                _IRQ_STACK_SIZE = DEFINED (_IRQ_STACK_SIZE)?_IRQ_STACK_SIZE:0x400
                0x00000400                _FIQ_STACK_SIZE = DEFINED (_FIQ_STACK_SIZE)?_FIQ_STACK_SIZE:0x400
                0x00000400                _UNDEF_STACK_SIZE = DEFINED (_UNDEF_STACK_SIZE)?_UNDEF_STACK_SIZE:0x400

.text           0x03800000     0x76d8
 *(.vectors)
 *(.boot_data)
 .boot_data     0x03800000       0x20 C:\Program Files (x86)\VEX Robotics\VEXcode Pro V5\sdk/vexv5\libv5rt.a(v5_startup.c.obj)
                0x03800000                vexCodeSig
                0x00000020                . = 0x20
 *(.boot)
 .boot          0x03800020       0xbc C:\Program Files (x86)\VEX Robotics\VEXcode Pro V5\sdk/vexv5\libv5rt.a(v5_startup.c.obj)
                0x03800020                vexStartup
                0x03800100                . = ALIGN (0x40)
 *fill*         0x038000dc       0x24 
 *(.freertos_vectors)
 *(.text)
 .text          0x03800100       0x9a C:\Program Files (x86)\VEX Robotics\VEXcode Pro V5\sdk/vexv5/gcc/libs\libc.a(lib_a-aeabi_memset-soft.o)
                0x03800100                __aeabi_memset8
                0x03800100                __aeabi_memset
                0x03800100                __aeabi_memset4
 *(.text.*)
 *fill*         0x0380019a        0x2 
 .text._Z10autonomousv
                0x0380019c        0x4 build/src/main.o
                0x0380019c                autonomous()
 .text._Z11usercontrolv
                0x038001a0      0x120 build/src/main.o
                0x038001a0                usercontrol()
 .text.main     0x038002c0       0x68 build/src/main.o
                0x038002c0                main
 .text._GLOBAL__sub_I_main.cpp
                0x03800328       0x34 build/src/main.o
 .text._Z11vexcodeInitv
                0x0380035c        0x4 build/src/robot-config.o
                0x0380035c                vexcodeInit()
 .text._GLOBAL__sub_I_robot_config.cpp
                0x03800360      0x43c build/src/robot-config.o
 *fill*         0x0380079c        0x4 
 .text._Z15joyStickControlv
                0x038007a0      0x150 build/src/opControl.o
                0x038007a0                joyStickControl()
 .text._Z14conveyorTogglev
                0x038008f0       0x94 build/src/opControl.o
                0x038008f0                conveyorToggle()
 .text._GLOBAL__sub_I_tracking.cpp
                0x03800984       0x60 build/src/tracking.o
 .text._ZN3vex6visionC2IJNS0_9signatureES2_S2_S2_S2_S2_S2_EEElhDpRT_
                0x038009e4       0x64 build/src/autonFunctions.o
                0x038009e4                vex::vision::vision<vex::vision::signature, vex::vision::signature, vex::vision::signature, vex::vision::signature, vex::vision::signature, vex::vision::signature, vex::vision::signature>(long, unsigned char, vex::vision::signature&, vex::vision::signature&, vex::vision::signature&, vex::vision::signature&, vex::vision::signature&, vex::vision::signature&, vex::vision::signature&)
 .text._Z19inertialCalibrationv
                0x03800a48       0xd8 build/src/autonFunctions.o
                0x03800a48                inertialCalibration()
 .text._Z13resetFunctionv
                0x03800b20       0x54 build/src/autonFunctions.o
                0x03800b20                resetFunction()
 .text._Z11rainbowlogov
                0x03800b74       0xf0 build/src/autonFunctions.o
                0x03800b74                rainbowlogo()
 .text.__cxx_global_array_dtor
                0x03800c64       0x34 build/src/autonFunctions.o
 .text._Z10findButtonss
                0x03800c98       0x6c build/src/autonFunctions.o
                0x03800c98                findButton(short, short)
 .text._Z24userTouchCallbackPressedv
                0x03800d04       0x50 build/src/autonFunctions.o
                0x03800d04                userTouchCallbackPressed()
 .text._Z21displayButtonControlsib
                0x03800d54      0x160 build/src/autonFunctions.o
                0x03800d54                displayButtonControls(int, bool)
 .text._Z25userTouchCallbackReleasedv
                0x03800eb4       0x78 build/src/autonFunctions.o
                0x03800eb4                userTouchCallbackReleased()
 .text._Z10coastDrivev
                0x03800f2c       0x38 build/src/autonFunctions.o
                0x03800f2c                coastDrive()
 .text._Z6bcountv
                0x03800f64       0x90 build/src/autonFunctions.o
                0x03800f64                bcount()
 .text._Z20get_average_inertialv
                0x03800ff4       0x64 build/src/autonFunctions.o
                0x03800ff4                get_average_inertial()
 .text._Z9iSpeedPidfb
                0x03801058       0xd8 build/src/autonFunctions.o
                0x03801058                iSpeedPid(float, bool)
 .text._Z15moveForwardWalkddddddbiddddddd
                0x03801130      0xae8 build/src/autonFunctions.o
                0x03801130                moveForwardWalk(double, double, double, double, double, double, bool, int, double, double, double, double, double, double, double)
 .text._Z10iRotatePidi
                0x03801c18       0x94 build/src/autonFunctions.o
                0x03801c18                iRotatePid(int)
 *fill*         0x03801cac        0x4 
 .text._Z9rotatePIDii
                0x03801cb0      0x258 build/src/autonFunctions.o
                0x03801cb0                rotatePID(int, int)
 .text._Z12intakeTogglev
                0x03801f08      0x1e0 build/src/autonFunctions.o
                0x03801f08                intakeToggle()
 .text._Z8intakeOnv
                0x038020e8       0x5c build/src/autonFunctions.o
                0x038020e8                intakeOn()
 *fill*         0x03802144        0x4 
 .text._Z9scoreGoalv
                0x03802148      0x1f0 build/src/autonFunctions.o
                0x03802148                scoreGoal()
 .text._Z12outtake0Ballv
                0x03802338       0x48 build/src/autonFunctions.o
                0x03802338                outtake0Ball()
 .text._Z17outtake1BallAutonv
                0x03802380      0x100 build/src/autonFunctions.o
                0x03802380                outtake1BallAuton()
 .text._Z12outtake1Ballv
                0x03802480      0x1c8 build/src/autonFunctions.o
                0x03802480                outtake1Ball()
 .text._Z12outtake2Ballv
                0x03802648      0x1b8 build/src/autonFunctions.o
                0x03802648                outtake2Ball()
 .text._Z17outtake2BallAutonv
                0x03802800      0x1b8 build/src/autonFunctions.o
                0x03802800                outtake2BallAuton()
 .text._Z12outtake3Ballv
                0x038029b8      0x110 build/src/autonFunctions.o
                0x038029b8                outtake3Ball()
 .text._Z9BallCountv
                0x03802ac8        0xc build/src/autonFunctions.o
                0x03802ac8                BallCount()
 .text._Z12stopIntakeOnv
                0x03802ad4       0x4c build/src/autonFunctions.o
                0x03802ad4                stopIntakeOn()
 .text._Z8preAutonv
                0x03802b20      0x138 build/src/autonFunctions.o
                0x03802b20                preAuton()
 .text._Z6skillsv
                0x03802c58      0x920 build/src/autonFunctions.o
                0x03802c58                skills()
 .text._ZN3vex6vision7_setsigINS0_9signatureEJS2_S2_S2_S2_EEEvRT_DpRT0_
                0x03803578       0x4c build/src/autonFunctions.o
                0x03803578                void vex::vision::_setsig<vex::vision::signature, vex::vision::signature, vex::vision::signature, vex::vision::signature, vex::vision::signature>(vex::vision::signature&, vex::vision::signature&, vex::vision::signature&, vex::vision::signature&, vex::vision::signature&)
 *fill*         0x038035c4        0x4 
 .text._GLOBAL__sub_I_autonFunctions.cpp
                0x038035c8      0x418 build/src/autonFunctions.o
 .text.vexMain  0x038039e0       0xb0 C:\Program Files (x86)\VEX Robotics\VEXcode Pro V5\sdk/vexv5\libv5rt.a(v5_startup.c.obj)
                0x038039e0                vexMain
 .text.__vex_function_prolog
                0x03803a90       0x18 C:\Program Files (x86)\VEX Robotics\VEXcode Pro V5\sdk/vexv5\libv5rt.a(v5_startup.c.obj)
                0x03803a90                __vex_function_prolog
 .text._init    0x03803aa8        0x4 C:\Program Files (x86)\VEX Robotics\VEXcode Pro V5\sdk/vexv5\libv5rt.a(v5_startup.c.obj)
                0x03803aa8                _init
 .text._fini    0x03803aac        0x4 C:\Program Files (x86)\VEX Robotics\VEXcode Pro V5\sdk/vexv5\libv5rt.a(v5_startup.c.obj)
                0x03803aac                _fini
 .text.vexStdlibVersionLinked
                0x03803ab0        0xc C:\Program Files (x86)\VEX Robotics\VEXcode Pro V5\sdk/vexv5\libv5rt.a(v5_util.c.obj)
                0x03803ab0                vexStdlibVersionLinked
 .text.vexStdlibVersionVerify
                0x03803abc       0x30 C:\Program Files (x86)\VEX Robotics\VEXcode Pro V5\sdk/vexv5\libv5rt.a(v5_util.c.obj)
                0x03803abc                vexStdlibVersionVerify
 .text.vexPrivateApiEnable
                0x03803aec       0x10 C:\Program Files (x86)\VEX Robotics\VEXcode Pro V5\sdk/vexv5\libv5rt.a(v5_apijump.c.obj)
                0x03803aec                vexPrivateApiEnable
 .text.vexStdlibMismatchError
                0x03803afc       0x3c C:\Program Files (x86)\VEX Robotics\VEXcode Pro V5\sdk/vexv5\libv5rt.a(v5_apijump.c.obj)
                0x03803afc                vexStdlibMismatchError
 .text.vexScratchMemoryPtr
                0x03803b38       0x30 C:\Program Files (x86)\VEX Robotics\VEXcode Pro V5\sdk/vexv5\libv5rt.a(v5_apijump.c.obj)
                0x03803b38                vexScratchMemoryPtr
 .text.vexTaskAdd
                0x03803b68       0x10 C:\Program Files (x86)\VEX Robotics\VEXcode Pro V5\sdk/vexv5\libv5rt.a(v5_apijump.c.obj)
                0x03803b68                vexTaskAdd
 .text.vexTasksRun
                0x03803b78       0x10 C:\Program Files (x86)\VEX Robotics\VEXcode Pro V5\sdk/vexv5\libv5rt.a(v5_apijump.c.obj)
                0x03803b78                vexTasksRun
 .text.vexTaskYield
                0x03803b88       0x10 C:\Program Files (x86)\VEX Robotics\VEXcode Pro V5\sdk/vexv5\libv5rt.a(v5_apijump.c.obj)
                0x03803b88                vexTaskYield
 .text.vexTaskCheckTimeslice
                0x03803b98       0x10 C:\Program Files (x86)\VEX Robotics\VEXcode Pro V5\sdk/vexv5\libv5rt.a(v5_apijump.c.obj)
                0x03803b98                vexTaskCheckTimeslice
 .text.vexTaskSleep
                0x03803ba8       0x10 C:\Program Files (x86)\VEX Robotics\VEXcode Pro V5\sdk/vexv5\libv5rt.a(v5_apijump.c.obj)
                0x03803ba8                vexTaskSleep
 .text.vexTasksDump
                0x03803bb8       0x1c C:\Program Files (x86)\VEX Robotics\VEXcode Pro V5\sdk/vexv5\libv5rt.a(v5_apijump.c.obj)
                0x03803bb8                vexTasksDump
 .text.vexTaskGetTaskIndex
                0x03803bd4       0x10 C:\Program Files (x86)\VEX Robotics\VEXcode Pro V5\sdk/vexv5\libv5rt.a(v5_apijump.c.obj)
                0x03803bd4                vexTaskGetTaskIndex
 .text.vexTaskStopAll
                0x03803be4       0x10 C:\Program Files (x86)\VEX Robotics\VEXcode Pro V5\sdk/vexv5\libv5rt.a(v5_apijump.c.obj)
                0x03803be4                vexTaskStopAll
 .text.vexTaskRemoveAllUser
                0x03803bf4       0x34 C:\Program Files (x86)\VEX Robotics\VEXcode Pro V5\sdk/vexv5\libv5rt.a(v5_apijump.c.obj)
                0x03803bf4                vexTaskRemoveAllUser
 .text.vexTaskCompletionIdSet
                0x03803c28       0x10 C:\Program Files (x86)\VEX Robotics\VEXcode Pro V5\sdk/vexv5\libv5rt.a(v5_apijump.c.obj)
                0x03803c28                vexTaskCompletionIdSet
 .text.vexTaskStopWithId
                0x03803c38       0x10 C:\Program Files (x86)\VEX Robotics\VEXcode Pro V5\sdk/vexv5\libv5rt.a(v5_apijump.c.obj)
                0x03803c38                vexTaskStopWithId
 .text.vexCriticalSection
                0x03803c48       0x2c C:\Program Files (x86)\VEX Robotics\VEXcode Pro V5\sdk/vexv5\libv5rt.a(v5_apijump.c.obj)
                0x03803c48                vexCriticalSection
 .text.vexEventAdd
                0x03803c74       0x34 C:\Program Files (x86)\VEX Robotics\VEXcode Pro V5\sdk/vexv5\libv5rt.a(v5_apijump.c.obj)
                0x03803c74                vexEventAdd
 .text.vexEventUserIndexGet
                0x03803ca8       0x1c C:\Program Files (x86)\VEX Robotics\VEXcode Pro V5\sdk/vexv5\libv5rt.a(v5_apijump.c.obj)
                0x03803ca8                vexEventUserIndexGet
 .text.vexEventAddWithArg
                0x03803cc4       0x3c C:\Program Files (x86)\VEX Robotics\VEXcode Pro V5\sdk/vexv5\libv5rt.a(v5_apijump.c.obj)
                0x03803cc4                vexEventAddWithArg
 .text.vexEventsCleanup
                0x03803d00       0x2c C:\Program Files (x86)\VEX Robotics\VEXcode Pro V5\sdk/vexv5\libv5rt.a(v5_apijump.c.obj)
                0x03803d00                vexEventsCleanup
 .text.vexDebug
                0x03803d2c       0x38 C:\Program Files (x86)\VEX Robotics\VEXcode Pro V5\sdk/vexv5\libv5rt.a(v5_apijump.c.obj)
                0x03803d2c                vexDebug
 .text.vex_sprintf
                0x03803d64       0x40 C:\Program Files (x86)\VEX Robotics\VEXcode Pro V5\sdk/vexv5\libv5rt.a(v5_apijump.c.obj)
                0x03803d64                vex_sprintf
 .text.vex_vsnprintf
                0x03803da4       0x3c C:\Program Files (x86)\VEX Robotics\VEXcode Pro V5\sdk/vexv5\libv5rt.a(v5_apijump.c.obj)
                0x03803da4                vex_vsnprintf
 .text.vexSystemTimeGet
                0x03803de0       0x1c C:\Program Files (x86)\VEX Robotics\VEXcode Pro V5\sdk/vexv5\libv5rt.a(v5_apijump.c.obj)
                0x03803de0                vexSystemTimeGet
 .text.vexSystemExitRequest
                0x03803dfc       0x1c C:\Program Files (x86)\VEX Robotics\VEXcode Pro V5\sdk/vexv5\libv5rt.a(v5_apijump.c.obj)
                0x03803dfc                vexSystemExitRequest
 .text.vexDeviceGetByIndex
                0x03803e18       0x24 C:\Program Files (x86)\VEX Robotics\VEXcode Pro V5\sdk/vexv5\libv5rt.a(v5_apijump.c.obj)
                0x03803e18                vexDeviceGetByIndex
 .text.vexControllerGet
                0x03803e3c       0x2c C:\Program Files (x86)\VEX Robotics\VEXcode Pro V5\sdk/vexv5\libv5rt.a(v5_apijump.c.obj)
                0x03803e3c                vexControllerGet
 .text.vexControllerTextSet
                0x03803e68       0x74 C:\Program Files (x86)\VEX Robotics\VEXcode Pro V5\sdk/vexv5\libv5rt.a(v5_apijump.c.obj)
                0x03803e68                vexControllerTextSet
 .text.vexDeviceAdiPortConfigSet
                0x03803edc       0x34 C:\Program Files (x86)\VEX Robotics\VEXcode Pro V5\sdk/vexv5\libv5rt.a(v5_apijump.c.obj)
                0x03803edc                vexDeviceAdiPortConfigSet
 .text.vexDeviceAdiPortConfigGet
                0x03803f10       0x2c C:\Program Files (x86)\VEX Robotics\VEXcode Pro V5\sdk/vexv5\libv5rt.a(v5_apijump.c.obj)
                0x03803f10                vexDeviceAdiPortConfigGet
 .text.vexDeviceAdiValueSet
                0x03803f3c       0x34 C:\Program Files (x86)\VEX Robotics\VEXcode Pro V5\sdk/vexv5\libv5rt.a(v5_apijump.c.obj)
                0x03803f3c                vexDeviceAdiValueSet
 .text.vexDeviceAdiValueGet
                0x03803f70       0x2c C:\Program Files (x86)\VEX Robotics\VEXcode Pro V5\sdk/vexv5\libv5rt.a(v5_apijump.c.obj)
                0x03803f70                vexDeviceAdiValueGet
 .text.vexDeviceMotorVelocitySet
                0x03803f9c       0x2c C:\Program Files (x86)\VEX Robotics\VEXcode Pro V5\sdk/vexv5\libv5rt.a(v5_apijump.c.obj)
                0x03803f9c                vexDeviceMotorVelocitySet
 .text.vexDeviceMotorVoltageSet
                0x03803fc8       0x2c C:\Program Files (x86)\VEX Robotics\VEXcode Pro V5\sdk/vexv5\libv5rt.a(v5_apijump.c.obj)
                0x03803fc8                vexDeviceMotorVoltageSet
 .text.vexDeviceMotorActualVelocityGet
                0x03803ff4       0x24 C:\Program Files (x86)\VEX Robotics\VEXcode Pro V5\sdk/vexv5\libv5rt.a(v5_apijump.c.obj)
                0x03803ff4                vexDeviceMotorActualVelocityGet
 .text.vexDeviceMotorTemperatureGet
                0x03804018       0x24 C:\Program Files (x86)\VEX Robotics\VEXcode Pro V5\sdk/vexv5\libv5rt.a(v5_apijump.c.obj)
                0x03804018                vexDeviceMotorTemperatureGet
 .text.vexDeviceMotorReverseFlagSet
                0x0380403c       0x2c C:\Program Files (x86)\VEX Robotics\VEXcode Pro V5\sdk/vexv5\libv5rt.a(v5_apijump.c.obj)
                0x0380403c                vexDeviceMotorReverseFlagSet
 .text.vexDeviceMotorEncoderUnitsSet
                0x03804068       0x2c C:\Program Files (x86)\VEX Robotics\VEXcode Pro V5\sdk/vexv5\libv5rt.a(v5_apijump.c.obj)
                0x03804068                vexDeviceMotorEncoderUnitsSet
 .text.vexDeviceMotorBrakeModeSet
                0x03804094       0x2c C:\Program Files (x86)\VEX Robotics\VEXcode Pro V5\sdk/vexv5\libv5rt.a(v5_apijump.c.obj)
                0x03804094                vexDeviceMotorBrakeModeSet
 .text.vexDeviceMotorPositionSet
                0x038040c0       0x34 C:\Program Files (x86)\VEX Robotics\VEXcode Pro V5\sdk/vexv5\libv5rt.a(v5_apijump.c.obj)
                0x038040c0                vexDeviceMotorPositionSet
 .text.vexDeviceMotorPositionGet
                0x038040f4       0x24 C:\Program Files (x86)\VEX Robotics\VEXcode Pro V5\sdk/vexv5\libv5rt.a(v5_apijump.c.obj)
                0x038040f4                vexDeviceMotorPositionGet
 .text.vexDeviceMotorGearingSet
                0x03804118       0x2c C:\Program Files (x86)\VEX Robotics\VEXcode Pro V5\sdk/vexv5\libv5rt.a(v5_apijump.c.obj)
                0x03804118                vexDeviceMotorGearingSet
 .text.vexDeviceMotorGearingGet
                0x03804144       0x24 C:\Program Files (x86)\VEX Robotics\VEXcode Pro V5\sdk/vexv5\libv5rt.a(v5_apijump.c.obj)
                0x03804144                vexDeviceMotorGearingGet
 .text.vexDeviceVisionModeSet
                0x03804168       0x2c C:\Program Files (x86)\VEX Robotics\VEXcode Pro V5\sdk/vexv5\libv5rt.a(v5_apijump.c.obj)
                0x03804168                vexDeviceVisionModeSet
 .text.vexDeviceVisionObjectCountGet
                0x03804194       0x24 C:\Program Files (x86)\VEX Robotics\VEXcode Pro V5\sdk/vexv5\libv5rt.a(v5_apijump.c.obj)
                0x03804194                vexDeviceVisionObjectCountGet
 .text.vexDeviceVisionObjectGet
                0x038041b8       0x34 C:\Program Files (x86)\VEX Robotics\VEXcode Pro V5\sdk/vexv5\libv5rt.a(v5_apijump.c.obj)
                0x038041b8                vexDeviceVisionObjectGet
 .text.vexDeviceVisionSignatureSet
                0x038041ec       0x2c C:\Program Files (x86)\VEX Robotics\VEXcode Pro V5\sdk/vexv5\libv5rt.a(v5_apijump.c.obj)
                0x038041ec                vexDeviceVisionSignatureSet
 .text.vexDeviceVisionBrightnessSet
                0x03804218       0x2c C:\Program Files (x86)\VEX Robotics\VEXcode Pro V5\sdk/vexv5\libv5rt.a(v5_apijump.c.obj)
                0x03804218                vexDeviceVisionBrightnessSet
 .text.vexDeviceVisionLedModeSet
                0x03804244       0x2c C:\Program Files (x86)\VEX Robotics\VEXcode Pro V5\sdk/vexv5\libv5rt.a(v5_apijump.c.obj)
                0x03804244                vexDeviceVisionLedModeSet
 .text.vexDeviceVisionLedColorSet
                0x03804270       0x30 C:\Program Files (x86)\VEX Robotics\VEXcode Pro V5\sdk/vexv5\libv5rt.a(v5_apijump.c.obj)
                0x03804270                vexDeviceVisionLedColorSet
 .text.vexDeviceImuReset
                0x038042a0       0x24 C:\Program Files (x86)\VEX Robotics\VEXcode Pro V5\sdk/vexv5\libv5rt.a(v5_apijump.c.obj)
                0x038042a0                vexDeviceImuReset
 .text.vexDeviceImuHeadingGet
                0x038042c4       0x24 C:\Program Files (x86)\VEX Robotics\VEXcode Pro V5\sdk/vexv5\libv5rt.a(v5_apijump.c.obj)
                0x038042c4                vexDeviceImuHeadingGet
 .text.vexDeviceImuDegreesGet
                0x038042e8       0x24 C:\Program Files (x86)\VEX Robotics\VEXcode Pro V5\sdk/vexv5\libv5rt.a(v5_apijump.c.obj)
                0x038042e8                vexDeviceImuDegreesGet
 .text.vexDeviceImuStatusGet
                0x0380430c       0x24 C:\Program Files (x86)\VEX Robotics\VEXcode Pro V5\sdk/vexv5\libv5rt.a(v5_apijump.c.obj)
                0x0380430c                vexDeviceImuStatusGet
 .text.vexDisplayForegroundColor
                0x03804330       0x24 C:\Program Files (x86)\VEX Robotics\VEXcode Pro V5\sdk/vexv5\libv5rt.a(v5_apijump.c.obj)
                0x03804330                vexDisplayForegroundColor
 .text.vexDisplayBackgroundColor
                0x03804354       0x24 C:\Program Files (x86)\VEX Robotics\VEXcode Pro V5\sdk/vexv5\libv5rt.a(v5_apijump.c.obj)
                0x03804354                vexDisplayBackgroundColor
 .text.vexDisplayBackgroundColorGet
                0x03804378       0x1c C:\Program Files (x86)\VEX Robotics\VEXcode Pro V5\sdk/vexv5\libv5rt.a(v5_apijump.c.obj)
                0x03804378                vexDisplayBackgroundColorGet
 .text.vexDisplayCopyRect
                0x03804394       0x5c C:\Program Files (x86)\VEX Robotics\VEXcode Pro V5\sdk/vexv5\libv5rt.a(v5_apijump.c.obj)
                0x03804394                vexDisplayCopyRect
 .text.vexDisplayRectDraw
                0x038043f0       0x4c C:\Program Files (x86)\VEX Robotics\VEXcode Pro V5\sdk/vexv5\libv5rt.a(v5_apijump.c.obj)
                0x038043f0                vexDisplayRectDraw
 .text.vexDisplayRectClear
                0x0380443c       0x4c C:\Program Files (x86)\VEX Robotics\VEXcode Pro V5\sdk/vexv5\libv5rt.a(v5_apijump.c.obj)
                0x0380443c                vexDisplayRectClear
 .text.vexDisplayPrintf
                0x03804488       0x68 C:\Program Files (x86)\VEX Robotics\VEXcode Pro V5\sdk/vexv5\libv5rt.a(v5_apijump.c.obj)
                0x03804488                vexDisplayPrintf
 .text.vexDisplayTextReference
                0x038044f0       0x24 C:\Program Files (x86)\VEX Robotics\VEXcode Pro V5\sdk/vexv5\libv5rt.a(v5_apijump.c.obj)
                0x038044f0                vexDisplayTextReference
 .text.vexDisplayTextSize
                0x03804514       0x2c C:\Program Files (x86)\VEX Robotics\VEXcode Pro V5\sdk/vexv5\libv5rt.a(v5_apijump.c.obj)
                0x03804514                vexDisplayTextSize
 .text.vexDisplayFontNamedSet
                0x03804540       0x24 C:\Program Files (x86)\VEX Robotics\VEXcode Pro V5\sdk/vexv5\libv5rt.a(v5_apijump.c.obj)
                0x03804540                vexDisplayFontNamedSet
 .text.vexDisplayPenSizeGet
                0x03804564       0x1c C:\Program Files (x86)\VEX Robotics\VEXcode Pro V5\sdk/vexv5\libv5rt.a(v5_apijump.c.obj)
                0x03804564                vexDisplayPenSizeGet
 .text.vexFileOpen
                0x03804580       0x2c C:\Program Files (x86)\VEX Robotics\VEXcode Pro V5\sdk/vexv5\libv5rt.a(v5_apijump.c.obj)
                0x03804580                vexFileOpen
 .text.vexFileClose
                0x038045ac       0x24 C:\Program Files (x86)\VEX Robotics\VEXcode Pro V5\sdk/vexv5\libv5rt.a(v5_apijump.c.obj)
                0x038045ac                vexFileClose
 .text.vexFileRead
                0x038045d0       0x3c C:\Program Files (x86)\VEX Robotics\VEXcode Pro V5\sdk/vexv5\libv5rt.a(v5_apijump.c.obj)
                0x038045d0                vexFileRead
 .text.vexFileSize
                0x0380460c       0x24 C:\Program Files (x86)\VEX Robotics\VEXcode Pro V5\sdk/vexv5\libv5rt.a(v5_apijump.c.obj)
                0x0380460c                vexFileSize
 .text.vexSystemStdlibImpureDataAddr
                0x03804630       0x28 C:\Program Files (x86)\VEX Robotics\VEXcode Pro V5\sdk/vexv5\libv5rt.a(v5_apijump.c.obj)
                0x03804630                vexSystemStdlibImpureDataAddr
 .text.vexSystemStdlibImpureDataSize
                0x03804658       0x28 C:\Program Files (x86)\VEX Robotics\VEXcode Pro V5\sdk/vexv5\libv5rt.a(v5_apijump.c.obj)
                0x03804658                vexSystemStdlibImpureDataSize
 .text.vexSystemSaveUserData
                0x03804680       0x3c C:\Program Files (x86)\VEX Robotics\VEXcode Pro V5\sdk/vexv5\libv5rt.a(v5_apijump.c.obj)
                0x03804680                vexSystemSaveUserData
 .text.vexTouchDataGet
                0x038046bc       0x10 C:\Program Files (x86)\VEX Robotics\VEXcode Pro V5\sdk/vexv5\libv5rt.a(v5_apijump.c.obj)
                0x038046bc                vexTouchDataGet
 .text.vexImageBmpRead
                0x038046cc       0x3c C:\Program Files (x86)\VEX Robotics\VEXcode Pro V5\sdk/vexv5\libv5rt.a(v5_apijump.c.obj)
                0x038046cc                vexImageBmpRead
 .text.vexImagePngRead
                0x03804708       0x44 C:\Program Files (x86)\VEX Robotics\VEXcode Pro V5\sdk/vexv5\libv5rt.a(v5_apijump.c.obj)
                0x03804708                vexImagePngRead
 .text.vexDisplayThemeIdGet
                0x0380474c       0x38 C:\Program Files (x86)\VEX Robotics\VEXcode Pro V5\sdk/vexv5\libv5rt.a(v5_apijump.c.obj)
                0x0380474c                vexDisplayThemeIdGet
 .text.vexDeviceEventMaskSet
                0x03804784       0x48 C:\Program Files (x86)\VEX Robotics\VEXcode Pro V5\sdk/vexv5\libv5rt.a(v5_apijump.c.obj)
                0x03804784                vexDeviceEventMaskSet
 .text.vexDeviceEventMaskGet
                0x038047cc       0x3c C:\Program Files (x86)\VEX Robotics\VEXcode Pro V5\sdk/vexv5\libv5rt.a(v5_apijump.c.obj)
                0x038047cc                vexDeviceEventMaskGet
 .text.vexSystemVersion
                0x03804808       0x10 C:\Program Files (x86)\VEX Robotics\VEXcode Pro V5\sdk/vexv5\libv5rt.a(v5_apiversions.c.obj)
                0x03804808                vexSystemVersion
 .text.vexStdlibVersion
                0x03804818       0x10 C:\Program Files (x86)\VEX Robotics\VEXcode Pro V5\sdk/vexv5\libv5rt.a(v5_apiversions.c.obj)
                0x03804818                vexStdlibVersion
 .text._ZN3vex4waitEdNS_9timeUnitsE
                0x03804828       0x30 C:\Program Files (x86)\VEX Robotics\VEXcode Pro V5\sdk/vexv5\libv5rt.a(vex_global.cpp.obj)
                0x03804828                vex::wait(double, vex::timeUnits)
 .text._ZN3vex5motorD2Ev
                0x03804858       0x20 C:\Program Files (x86)\VEX Robotics\VEXcode Pro V5\sdk/vexv5\libv5rt.a(vex_motor.cpp.obj)
                0x03804858                vex::motor::~motor()
                0x03804858                vex::motor::~motor()
 .text._ZN3vex5motorD0Ev
                0x03804878       0x1c C:\Program Files (x86)\VEX Robotics\VEXcode Pro V5\sdk/vexv5\libv5rt.a(vex_motor.cpp.obj)
                0x03804878                vex::motor::~motor()
 .text._ZN3vex5motor9installedEv
                0x03804894       0x18 C:\Program Files (x86)\VEX Robotics\VEXcode Pro V5\sdk/vexv5\libv5rt.a(vex_motor.cpp.obj)
                0x03804894                vex::motor::installed()
 .text._ZN3vex5motor15defaultStoppingENS_9brakeTypeE
                0x038048ac       0x30 C:\Program Files (x86)\VEX Robotics\VEXcode Pro V5\sdk/vexv5\libv5rt.a(vex_motor.cpp.obj)
                0x038048ac                vex::motor::defaultStopping(vex::brakeType)
 .text._ZN3vex5motorC2El
                0x038048dc       0x78 C:\Program Files (x86)\VEX Robotics\VEXcode Pro V5\sdk/vexv5\libv5rt.a(vex_motor.cpp.obj)
                0x038048dc                vex::motor::motor(long)
                0x038048dc                vex::motor::motor(long)
 .text._ZN3vex5motorC2ElNS_11gearSettingEb
                0x03804954       0x34 C:\Program Files (x86)\VEX Robotics\VEXcode Pro V5\sdk/vexv5\libv5rt.a(vex_motor.cpp.obj)
                0x03804954                vex::motor::motor(long, vex::gearSetting, bool)
                0x03804954                vex::motor::motor(long, vex::gearSetting, bool)
 .text._ZN3vex5motor4spinENS_13directionTypeEdNS_12voltageUnitsE
                0x03804988       0x50 C:\Program Files (x86)\VEX Robotics\VEXcode Pro V5\sdk/vexv5\libv5rt.a(vex_motor.cpp.obj)
                0x03804988                vex::motor::spin(vex::directionType, double, vex::voltageUnits)
 .text._ZN3vex5motor4stopENS_9brakeTypeE
                0x038049d8       0x30 C:\Program Files (x86)\VEX Robotics\VEXcode Pro V5\sdk/vexv5\libv5rt.a(vex_motor.cpp.obj)
                0x038049d8                vex::motor::stop(vex::brakeType)
 .text._ZN3vex5motor4stopEv
                0x03804a08        0x8 C:\Program Files (x86)\VEX Robotics\VEXcode Pro V5\sdk/vexv5\libv5rt.a(vex_motor.cpp.obj)
                0x03804a08                vex::motor::stop()
 .text._ZN3vex5motor11temperatureENS_12percentUnitsE
                0x03804a10       0x68 C:\Program Files (x86)\VEX Robotics\VEXcode Pro V5\sdk/vexv5\libv5rt.a(vex_motor.cpp.obj)
                0x03804a10                vex::motor::temperature(vex::percentUnits)
 .text._ZN3vex5motor16velocityToScaledEdNS_13velocityUnitsE
                0x03804a78       0x5c C:\Program Files (x86)\VEX Robotics\VEXcode Pro V5\sdk/vexv5\libv5rt.a(vex_motor.cpp.obj)
                0x03804a78                vex::motor::velocityToScaled(double, vex::velocityUnits)
 .text._ZN3vex5motor8velocityENS_13velocityUnitsE
                0x03804ad4       0x30 C:\Program Files (x86)\VEX Robotics\VEXcode Pro V5\sdk/vexv5\libv5rt.a(vex_motor.cpp.obj)
                0x03804ad4                vex::motor::velocity(vex::velocityUnits)
 .text._ZN3vex5motor5valueEv
                0x03804b04       0x1c C:\Program Files (x86)\VEX Robotics\VEXcode Pro V5\sdk/vexv5\libv5rt.a(vex_motor.cpp.obj)
                0x03804b04                vex::motor::value()
 .text._ZN3vex5motor16scaledToVelocityEdNS_13velocityUnitsE
                0x03804b20       0xa4 C:\Program Files (x86)\VEX Robotics\VEXcode Pro V5\sdk/vexv5\libv5rt.a(vex_motor.cpp.obj)
                0x03804b20                vex::motor::scaledToVelocity(double, vex::velocityUnits)
 .text._ZN3vex5motor4spinENS_13directionTypeEdNS_13velocityUnitsE
                0x03804bc4       0x5c C:\Program Files (x86)\VEX Robotics\VEXcode Pro V5\sdk/vexv5\libv5rt.a(vex_motor.cpp.obj)
                0x03804bc4                vex::motor::spin(vex::directionType, double, vex::velocityUnits)
 .text._ZN3vex5motor11setVelocityEdNS_13velocityUnitsE
                0x03804c20       0x54 C:\Program Files (x86)\VEX Robotics\VEXcode Pro V5\sdk/vexv5\libv5rt.a(vex_motor.cpp.obj)
                0x03804c20                vex::motor::setVelocity(double, vex::velocityUnits)
 .text._ZN3vex5motor16setRotationUnitsENS_13rotationUnitsE
                0x03804c74       0x1c C:\Program Files (x86)\VEX Robotics\VEXcode Pro V5\sdk/vexv5\libv5rt.a(vex_motor.cpp.obj)
                0x03804c74                vex::motor::setRotationUnits(vex::rotationUnits)
 .text._ZN3vex5motor11setRotationEdNS_13rotationUnitsE
                0x03804c90       0x44 C:\Program Files (x86)\VEX Robotics\VEXcode Pro V5\sdk/vexv5\libv5rt.a(vex_motor.cpp.obj)
                0x03804c90                vex::motor::setRotation(double, vex::rotationUnits)
 .text._ZN3vex5motor13resetRotationEv
                0x03804cd4       0x20 C:\Program Files (x86)\VEX Robotics\VEXcode Pro V5\sdk/vexv5\libv5rt.a(vex_motor.cpp.obj)
                0x03804cd4                vex::motor::resetRotation()
 .text._ZN3vex5motor8rotationENS_13rotationUnitsE
                0x03804cf4       0x44 C:\Program Files (x86)\VEX Robotics\VEXcode Pro V5\sdk/vexv5\libv5rt.a(vex_motor.cpp.obj)
                0x03804cf4                vex::motor::rotation(vex::rotationUnits)
 .text._ZN3vex6vision9installedEv
                0x03804d38       0x18 C:\Program Files (x86)\VEX Robotics\VEXcode Pro V5\sdk/vexv5\libv5rt.a(vex_vision.cpp.obj)
                0x03804d38                vex::vision::installed()
 .text._ZN3vex6visionD2Ev
                0x03804d50       0x38 C:\Program Files (x86)\VEX Robotics\VEXcode Pro V5\sdk/vexv5\libv5rt.a(vex_vision.cpp.obj)
                0x03804d50                vex::vision::~vision()
                0x03804d50                vex::vision::~vision()
 .text._ZN3vex6visionD0Ev
                0x03804d88       0x1c C:\Program Files (x86)\VEX Robotics\VEXcode Pro V5\sdk/vexv5\libv5rt.a(vex_vision.cpp.obj)
                0x03804d88                vex::vision::~vision()
 .text._ZN3vex6vision12setSignatureERNS0_9signatureE
                0x03804da4       0x70 C:\Program Files (x86)\VEX Robotics\VEXcode Pro V5\sdk/vexv5\libv5rt.a(vex_vision.cpp.obj)
                0x03804da4                vex::vision::setSignature(vex::vision::signature&)
 .text._ZN3vex6vision7setModeENS0_13detectionModeE
                0x03804e14       0x18 C:\Program Files (x86)\VEX Robotics\VEXcode Pro V5\sdk/vexv5\libv5rt.a(vex_vision.cpp.obj)
                0x03804e14                vex::vision::setMode(vex::vision::detectionMode)
 .text._ZN3vex6vision13setBrightnessEh
                0x03804e2c       0x30 C:\Program Files (x86)\VEX Robotics\VEXcode Pro V5\sdk/vexv5\libv5rt.a(vex_vision.cpp.obj)
                0x03804e2c                vex::vision::setBrightness(unsigned char)
 .text._ZN3vex6vision10setLedModeENS0_7ledModeE
                0x03804e5c       0x18 C:\Program Files (x86)\VEX Robotics\VEXcode Pro V5\sdk/vexv5\libv5rt.a(vex_vision.cpp.obj)
                0x03804e5c                vex::vision::setLedMode(vex::vision::ledMode)
 .text._ZN3vex6vision11setLedColorEhhh
                0x03804e74       0x30 C:\Program Files (x86)\VEX Robotics\VEXcode Pro V5\sdk/vexv5\libv5rt.a(vex_vision.cpp.obj)
                0x03804e74                vex::vision::setLedColor(unsigned char, unsigned char, unsigned char)
 .text._ZN3vex6vision9signatureD2Ev
                0x03804ea4        0x4 C:\Program Files (x86)\VEX Robotics\VEXcode Pro V5\sdk/vexv5\libv5rt.a(vex_vision.cpp.obj)
                0x03804ea4                vex::vision::signature::~signature()
                0x03804ea4                vex::vision::signature::~signature()
 .text._ZN3vex6vision9signature5clearEv
                0x03804ea8       0x38 C:\Program Files (x86)\VEX Robotics\VEXcode Pro V5\sdk/vexv5\libv5rt.a(vex_vision.cpp.obj)
                0x03804ea8                vex::vision::signature::clear()
 .text._ZN3vex6vision9signatureC2Ev
                0x03804ee0       0x60 C:\Program Files (x86)\VEX Robotics\VEXcode Pro V5\sdk/vexv5\libv5rt.a(vex_vision.cpp.obj)
                0x03804ee0                vex::vision::signature::signature()
                0x03804ee0                vex::vision::signature::signature()
 .text._ZN3vex6vision9signatureC2Elllllllfl
                0x03804f40       0x5c C:\Program Files (x86)\VEX Robotics\VEXcode Pro V5\sdk/vexv5\libv5rt.a(vex_vision.cpp.obj)
                0x03804f40                vex::vision::signature::signature(long, long, long, long, long, long, long, float, long)
                0x03804f40                vex::vision::signature::signature(long, long, long, long, long, long, long, float, long)
 *fill*         0x03804f9c        0x4 
 .text._ZN3vex6vision6object3setE22_V5_DeviceVisionObject
                0x03804fa0       0x78 C:\Program Files (x86)\VEX Robotics\VEXcode Pro V5\sdk/vexv5\libv5rt.a(vex_vision.cpp.obj)
                0x03804fa0                vex::vision::object::set(_V5_DeviceVisionObject)
 .text._ZN3vex6vision6object5clearEv
                0x03805018       0x38 C:\Program Files (x86)\VEX Robotics\VEXcode Pro V5\sdk/vexv5\libv5rt.a(vex_vision.cpp.obj)
                0x03805018                vex::vision::object::clear()
 .text._ZN3vex6vision6objectC2Ev
                0x03805050       0x58 C:\Program Files (x86)\VEX Robotics\VEXcode Pro V5\sdk/vexv5\libv5rt.a(vex_vision.cpp.obj)
                0x03805050                vex::vision::object::object()
                0x03805050                vex::vision::object::object()
 .text._ZN3vex6vision13_clearObjectsEv
                0x038050a8       0x40 C:\Program Files (x86)\VEX Robotics\VEXcode Pro V5\sdk/vexv5\libv5rt.a(vex_vision.cpp.obj)
                0x038050a8                vex::vision::_clearObjects()
 .text._ZN3vex6vision6objectaSERKS1_
                0x038050e8       0x74 C:\Program Files (x86)\VEX Robotics\VEXcode Pro V5\sdk/vexv5\libv5rt.a(vex_vision.cpp.obj)
                0x038050e8                vex::vision::object::operator=(vex::vision::object const&)
 .text._ZN3vex6vision12takeSnapshotEmm
                0x0380515c       0xf4 C:\Program Files (x86)\VEX Robotics\VEXcode Pro V5\sdk/vexv5\libv5rt.a(vex_vision.cpp.obj)
                0x0380515c                vex::vision::takeSnapshot(unsigned long, unsigned long)
 .text._ZN3vex6vision12takeSnapshotEm
                0x03805250        0x8 C:\Program Files (x86)\VEX Robotics\VEXcode Pro V5\sdk/vexv5\libv5rt.a(vex_vision.cpp.obj)
                0x03805250                vex::vision::takeSnapshot(unsigned long)
 .text._ZN3vex6vision5valueEv
                0x03805258        0x8 C:\Program Files (x86)\VEX Robotics\VEXcode Pro V5\sdk/vexv5\libv5rt.a(vex_vision.cpp.obj)
                0x03805258                vex::vision::value()
 .text._ZN3vex6vision6objectaSEl
                0x03805260       0x38 C:\Program Files (x86)\VEX Robotics\VEXcode Pro V5\sdk/vexv5\libv5rt.a(vex_vision.cpp.obj)
                0x03805260                vex::vision::object::operator=(long)
 .text._ZN3vex6visionC2El
                0x03805298       0xa4 C:\Program Files (x86)\VEX Robotics\VEXcode Pro V5\sdk/vexv5\libv5rt.a(vex_vision.cpp.obj)
                0x03805298                vex::vision::vision(long)
                0x03805298                vex::vision::vision(long)
 *fill*         0x0380533c        0x4 
 .text._ZN3vex8inertial10setHeadingEdNS_13rotationUnitsE
                0x03805340       0x60 C:\Program Files (x86)\VEX Robotics\VEXcode Pro V5\sdk/vexv5\libv5rt.a(vex_imu.cpp.obj)
                0x03805340                vex::inertial::setHeading(double, vex::rotationUnits)
 .text._ZThn16_N3vex8inertial10setHeadingEdNS_13rotationUnitsE
                0x038053a0        0x8 C:\Program Files (x86)\VEX Robotics\VEXcode Pro V5\sdk/vexv5\libv5rt.a(vex_imu.cpp.obj)
                0x038053a0                non-virtual thunk to vex::inertial::setHeading(double, vex::rotationUnits)
 .text._ZN3vex8inertial11setRotationEdNS_13rotationUnitsE
                0x038053a8       0x60 C:\Program Files (x86)\VEX Robotics\VEXcode Pro V5\sdk/vexv5\libv5rt.a(vex_imu.cpp.obj)
                0x038053a8                vex::inertial::setRotation(double, vex::rotationUnits)
 .text._ZThn16_N3vex8inertial11setRotationEdNS_13rotationUnitsE
                0x03805408        0x8 C:\Program Files (x86)\VEX Robotics\VEXcode Pro V5\sdk/vexv5\libv5rt.a(vex_imu.cpp.obj)
                0x03805408                non-virtual thunk to vex::inertial::setRotation(double, vex::rotationUnits)
 .text._ZN3vex8inertialD2Ev
                0x03805410       0x20 C:\Program Files (x86)\VEX Robotics\VEXcode Pro V5\sdk/vexv5\libv5rt.a(vex_imu.cpp.obj)
                0x03805410                vex::inertial::~inertial()
                0x03805410                vex::inertial::~inertial()
 .text._ZThn16_N3vex8inertialD1Ev
                0x03805430        0x8 C:\Program Files (x86)\VEX Robotics\VEXcode Pro V5\sdk/vexv5\libv5rt.a(vex_imu.cpp.obj)
                0x03805430                non-virtual thunk to vex::inertial::~inertial()
 .text._ZN3vex8inertialD0Ev
                0x03805438       0x1c C:\Program Files (x86)\VEX Robotics\VEXcode Pro V5\sdk/vexv5\libv5rt.a(vex_imu.cpp.obj)
                0x03805438                vex::inertial::~inertial()
 .text._ZThn16_N3vex8inertialD0Ev
                0x03805454        0x8 C:\Program Files (x86)\VEX Robotics\VEXcode Pro V5\sdk/vexv5\libv5rt.a(vex_imu.cpp.obj)
                0x03805454                non-virtual thunk to vex::inertial::~inertial()
 .text._ZN3vex8inertial9installedEv
                0x0380545c       0x18 C:\Program Files (x86)\VEX Robotics\VEXcode Pro V5\sdk/vexv5\libv5rt.a(vex_imu.cpp.obj)
                0x0380545c                vex::inertial::installed()
 .text._ZN3vex8inertial5angleENS_13rotationUnitsE
                0x03805474       0x60 C:\Program Files (x86)\VEX Robotics\VEXcode Pro V5\sdk/vexv5\libv5rt.a(vex_imu.cpp.obj)
                0x03805474                vex::inertial::angle(vex::rotationUnits)
 .text._ZThn16_N3vex8inertial5angleENS_13rotationUnitsE
                0x038054d4        0x8 C:\Program Files (x86)\VEX Robotics\VEXcode Pro V5\sdk/vexv5\libv5rt.a(vex_imu.cpp.obj)
                0x038054d4                non-virtual thunk to vex::inertial::angle(vex::rotationUnits)
 .text._ZN3vex8inertial7headingENS_13rotationUnitsE
                0x038054dc        0x4 C:\Program Files (x86)\VEX Robotics\VEXcode Pro V5\sdk/vexv5\libv5rt.a(vex_imu.cpp.obj)
                0x038054dc                vex::inertial::heading(vex::rotationUnits)
 .text._ZThn16_N3vex8inertial7headingENS_13rotationUnitsE
                0x038054e0        0x8 C:\Program Files (x86)\VEX Robotics\VEXcode Pro V5\sdk/vexv5\libv5rt.a(vex_imu.cpp.obj)
                0x038054e0                non-virtual thunk to vex::inertial::heading(vex::rotationUnits)
 .text._ZN3vex8inertial5valueEv
                0x038054e8       0x1c C:\Program Files (x86)\VEX Robotics\VEXcode Pro V5\sdk/vexv5\libv5rt.a(vex_imu.cpp.obj)
                0x038054e8                vex::inertial::value()
 *fill*         0x03805504        0x4 
 .text._ZN3vex8inertial8rotationENS_13rotationUnitsE
                0x03805508       0x40 C:\Program Files (x86)\VEX Robotics\VEXcode Pro V5\sdk/vexv5\libv5rt.a(vex_imu.cpp.obj)
                0x03805508                vex::inertial::rotation(vex::rotationUnits)
 .text._ZThn16_N3vex8inertial8rotationENS_13rotationUnitsE
                0x03805548        0x8 C:\Program Files (x86)\VEX Robotics\VEXcode Pro V5\sdk/vexv5\libv5rt.a(vex_imu.cpp.obj)
                0x03805548                non-virtual thunk to vex::inertial::rotation(vex::rotationUnits)
 .text._ZN3vex8inertial13isCalibratingEv
                0x03805550       0x38 C:\Program Files (x86)\VEX Robotics\VEXcode Pro V5\sdk/vexv5\libv5rt.a(vex_imu.cpp.obj)
                0x03805550                vex::inertial::isCalibrating()
 .text._ZThn16_N3vex8inertial13isCalibratingEv
                0x03805588        0x8 C:\Program Files (x86)\VEX Robotics\VEXcode Pro V5\sdk/vexv5\libv5rt.a(vex_imu.cpp.obj)
                0x03805588                non-virtual thunk to vex::inertial::isCalibrating()
 .text._ZN3vex8inertialC2El
                0x03805590       0x48 C:\Program Files (x86)\VEX Robotics\VEXcode Pro V5\sdk/vexv5\libv5rt.a(vex_imu.cpp.obj)
                0x03805590                vex::inertial::inertial(long)
                0x03805590                vex::inertial::inertial(long)
 .text._ZN3vex8inertial16startCalibrationEl
                0x038055d8       0x20 C:\Program Files (x86)\VEX Robotics\VEXcode Pro V5\sdk/vexv5\libv5rt.a(vex_imu.cpp.obj)
                0x038055d8                vex::inertial::startCalibration(long)
 .text._ZN3vex8inertial9calibrateEl
                0x038055f8        0xc C:\Program Files (x86)\VEX Robotics\VEXcode Pro V5\sdk/vexv5\libv5rt.a(vex_imu.cpp.obj)
                0x038055f8                vex::inertial::calibrate(long)
                0x038055fc                non-virtual thunk to vex::inertial::calibrate(long)
 .text._ZN3vex10controllerD2Ev
                0x03805604        0x4 C:\Program Files (x86)\VEX Robotics\VEXcode Pro V5\sdk/vexv5\libv5rt.a(vex_controller.cpp.obj)
                0x03805604                vex::controller::~controller()
                0x03805604                vex::controller::~controller()
 .text._ZN3vex10controller5valueE19_V5_ControllerIndex
                0x03805608        0x8 C:\Program Files (x86)\VEX Robotics\VEXcode Pro V5\sdk/vexv5\libv5rt.a(vex_controller.cpp.obj)
                0x03805608                vex::controller::value(_V5_ControllerIndex)
 .text._ZN3vex10controller6rumbleEPKc
                0x03805610       0x4c C:\Program Files (x86)\VEX Robotics\VEXcode Pro V5\sdk/vexv5\libv5rt.a(vex_controller.cpp.obj)
                0x03805610                vex::controller::rumble(char const*)
 .text._ZN3vex10controller6button8pressingEv
                0x0380565c       0xc8 C:\Program Files (x86)\VEX Robotics\VEXcode Pro V5\sdk/vexv5\libv5rt.a(vex_controller.cpp.obj)
                0x0380565c                vex::controller::button::pressing()
 .text._ZN3vex10controller6button21_buttonToPressedEventEv
                0x03805724       0x20 C:\Program Files (x86)\VEX Robotics\VEXcode Pro V5\sdk/vexv5\libv5rt.a(vex_controller.cpp.obj)
                0x03805724                vex::controller::button::_buttonToPressedEvent()
 .text._ZN3vex10controller6button22_buttonToReleasedEventEv
                0x03805744       0x20 C:\Program Files (x86)\VEX Robotics\VEXcode Pro V5\sdk/vexv5\libv5rt.a(vex_controller.cpp.obj)
                0x03805744                vex::controller::button::_buttonToReleasedEvent()
 .text._ZN3vex10controller6buttonC2ENS0_11tButtonTypeEPS0_
                0x03805764       0x48 C:\Program Files (x86)\VEX Robotics\VEXcode Pro V5\sdk/vexv5\libv5rt.a(vex_controller.cpp.obj)
                0x03805764                vex::controller::button::button(vex::controller::tButtonType, vex::controller*)
                0x03805764                vex::controller::button::button(vex::controller::tButtonType, vex::controller*)
 .text._ZN3vex10controller4axis5valueEv
                0x038057ac       0x58 C:\Program Files (x86)\VEX Robotics\VEXcode Pro V5\sdk/vexv5\libv5rt.a(vex_controller.cpp.obj)
                0x038057ac                vex::controller::axis::value()
 .text._ZN3vex10controller4axis8positionENS_12percentUnitsE
                0x03805804       0x1c C:\Program Files (x86)\VEX Robotics\VEXcode Pro V5\sdk/vexv5\libv5rt.a(vex_controller.cpp.obj)
                0x03805804                vex::controller::axis::position(vex::percentUnits)
 .text._ZN3vex10controller4axis23_joystickToChangedEventEv
                0x03805820       0x20 C:\Program Files (x86)\VEX Robotics\VEXcode Pro V5\sdk/vexv5\libv5rt.a(vex_controller.cpp.obj)
                0x03805820                vex::controller::axis::_joystickToChangedEvent()
 .text._ZN3vex10controller4axisC2ENS0_9tAxisTypeEPS0_
                0x03805840       0x2c C:\Program Files (x86)\VEX Robotics\VEXcode Pro V5\sdk/vexv5\libv5rt.a(vex_controller.cpp.obj)
                0x03805840                vex::controller::axis::axis(vex::controller::tAxisType, vex::controller*)
                0x03805840                vex::controller::axis::axis(vex::controller::tAxisType, vex::controller*)
 .text._ZN3vex10controllerC2ENS_14controllerTypeE
                0x0380586c      0x204 C:\Program Files (x86)\VEX Robotics\VEXcode Pro V5\sdk/vexv5\libv5rt.a(vex_controller.cpp.obj)
                0x0380586c                vex::controller::controller(vex::controllerType)
                0x0380586c                vex::controller::controller(vex::controllerType)
 .text._ZN3vex10controller3lcd15getControllerIdEv
                0x03805a70       0x10 C:\Program Files (x86)\VEX Robotics\VEXcode Pro V5\sdk/vexv5\libv5rt.a(vex_controller.cpp.obj)
                0x03805a70                vex::controller::lcd::getControllerId()
 .text._ZN3vex10controller3lcd9setCursorEll
                0x03805a80       0x40 C:\Program Files (x86)\VEX Robotics\VEXcode Pro V5\sdk/vexv5\libv5rt.a(vex_controller.cpp.obj)
                0x03805a80                vex::controller::lcd::setCursor(long, long)
 .text._ZN3vex10controller3lcd5printEPKcz
                0x03805ac0       0x80 C:\Program Files (x86)\VEX Robotics\VEXcode Pro V5\sdk/vexv5\libv5rt.a(vex_controller.cpp.obj)
                0x03805ac0                vex::controller::lcd::print(char const*, ...)
 .text._ZN3vex4taskC2EPFivE
                0x03805b40       0x5c C:\Program Files (x86)\VEX Robotics\VEXcode Pro V5\sdk/vexv5\libv5rt.a(vex_task.cpp.obj)
                0x03805b40                vex::task::task(int (*)())
                0x03805b40                vex::task::task(int (*)())
 .text._ZN3vex4taskD2Ev
                0x03805b9c        0x4 C:\Program Files (x86)\VEX Robotics\VEXcode Pro V5\sdk/vexv5\libv5rt.a(vex_task.cpp.obj)
                0x03805b9c                vex::task::~task()
                0x03805b9c                vex::task::~task()
 .text._ZN3vex4task4stopERKS0_
                0x03805ba0       0x18 C:\Program Files (x86)\VEX Robotics\VEXcode Pro V5\sdk/vexv5\libv5rt.a(vex_task.cpp.obj)
                0x03805ba0                vex::task::stop(vex::task const&)
 .text._ZN3vex4task5sleepEm
                0x03805bb8        0x4 C:\Program Files (x86)\VEX Robotics\VEXcode Pro V5\sdk/vexv5\libv5rt.a(vex_task.cpp.obj)
                0x03805bb8                vex::task::sleep(unsigned long)
 .text._ZN3vex4task6_indexEPFivE
                0x03805bbc       0x14 C:\Program Files (x86)\VEX Robotics\VEXcode Pro V5\sdk/vexv5\libv5rt.a(vex_task.cpp.obj)
                0x03805bbc                vex::task::_index(int (*)())
 .text._ZN3vex4task8_stopAllEv
                0x03805bd0       0x3c C:\Program Files (x86)\VEX Robotics\VEXcode Pro V5\sdk/vexv5\libv5rt.a(vex_task.cpp.obj)
                0x03805bd0                vex::task::_stopAll()
 .text._ZN3vex11this_thread9sleep_forEm
                0x03805c0c        0x4 C:\Program Files (x86)\VEX Robotics\VEXcode Pro V5\sdk/vexv5\libv5rt.a(vex_thread.cpp.obj)
                0x03805c0c                vex::this_thread::sleep_for(unsigned long)
 .text._ZN3vex5event4initEmmPFvvE
                0x03805c10        0x4 C:\Program Files (x86)\VEX Robotics\VEXcode Pro V5\sdk/vexv5\libv5rt.a(vex_event.cpp.obj)
                0x03805c10                vex::event::init(unsigned long, unsigned long, void (*)())
 .text._ZN3vex5event4initEmmPFvPvES1_
                0x03805c14        0x4 C:\Program Files (x86)\VEX Robotics\VEXcode Pro V5\sdk/vexv5\libv5rt.a(vex_event.cpp.obj)
                0x03805c14                vex::event::init(unsigned long, unsigned long, void (*)(void*), void*)
 .text._ZN3vex5event9userindexEv
                0x03805c18        0x4 C:\Program Files (x86)\VEX Robotics\VEXcode Pro V5\sdk/vexv5\libv5rt.a(vex_event.cpp.obj)
                0x03805c18                vex::event::userindex()
 .text._ZZN3vex6meventC4EmmENUlvE_4_FUNEv
                0x03805c1c        0x4 C:\Program Files (x86)\VEX Robotics\VEXcode Pro V5\sdk/vexv5\libv5rt.a(vex_mevent.cpp.obj)
 .text._ZN3vex6meventC2Emm
                0x03805c20       0x70 C:\Program Files (x86)\VEX Robotics\VEXcode Pro V5\sdk/vexv5\libv5rt.a(vex_mevent.cpp.obj)
                0x03805c20                vex::mevent::mevent(unsigned long, unsigned long)
                0x03805c20                vex::mevent::mevent(unsigned long, unsigned long)
 .text._ZN3vex5brain9_getIndexEv
                0x03805c90       0x10 C:\Program Files (x86)\VEX Robotics\VEXcode Pro V5\sdk/vexv5\libv5rt.a(vex_brain.cpp.obj)
                0x03805c90                vex::brain::_getIndex()
 .text._ZN3vex5brain3lcd9setCursorEll
                0x03805ca0       0x44 C:\Program Files (x86)\VEX Robotics\VEXcode Pro V5\sdk/vexv5\libv5rt.a(vex_brain.cpp.obj)
                0x03805ca0                vex::brain::lcd::setCursor(long, long)
 .text._ZN3vex5brain3lcd7setFontENS_8fontTypeE
                0x03805ce4      0x23c C:\Program Files (x86)\VEX Robotics\VEXcode Pro V5\sdk/vexv5\libv5rt.a(vex_brain.cpp.obj)
                0x03805ce4                vex::brain::lcd::setFont(vex::fontType)
 .text._ZN3vex5brain3lcdC2Ev
                0x03805f20       0x94 C:\Program Files (x86)\VEX Robotics\VEXcode Pro V5\sdk/vexv5\libv5rt.a(vex_brain.cpp.obj)
                0x03805f20                vex::brain::lcd::lcd()
                0x03805f20                vex::brain::lcd::lcd()
 .text._ZN3vex5brainC2Ev
                0x03805fb4       0x38 C:\Program Files (x86)\VEX Robotics\VEXcode Pro V5\sdk/vexv5\libv5rt.a(vex_brain.cpp.obj)
                0x03805fb4                vex::brain::brain()
                0x03805fb4                vex::brain::brain()
 .text._ZN3vex5brain3lcd11setPenColorERKNS_5colorE
                0x03805fec       0x14 C:\Program Files (x86)\VEX Robotics\VEXcode Pro V5\sdk/vexv5\libv5rt.a(vex_brain.cpp.obj)
                0x03805fec                vex::brain::lcd::setPenColor(vex::color const&)
 .text._ZN3vex5brain3lcd12setFillColorERKNS_5colorE
                0x03806000       0x38 C:\Program Files (x86)\VEX Robotics\VEXcode Pro V5\sdk/vexv5\libv5rt.a(vex_brain.cpp.obj)
                0x03806000                vex::brain::lcd::setFillColor(vex::color const&)
 .text._ZN3vex5brain3lcd7printAtEllPKcz
                0x03806038       0x6c C:\Program Files (x86)\VEX Robotics\VEXcode Pro V5\sdk/vexv5\libv5rt.a(vex_brain.cpp.obj)
                0x03806038                vex::brain::lcd::printAt(long, long, char const*, ...)
 .text._ZN3vex5brain3lcd13drawRectangleEiiii
                0x038060a4       0xdc C:\Program Files (x86)\VEX Robotics\VEXcode Pro V5\sdk/vexv5\libv5rt.a(vex_brain.cpp.obj)
                0x038060a4                vex::brain::lcd::drawRectangle(int, int, int, int)
 .text._ZN3vex5brain3lcd14_drawRectangleEiiiim
                0x03806180       0x74 C:\Program Files (x86)\VEX Robotics\VEXcode Pro V5\sdk/vexv5\libv5rt.a(vex_brain.cpp.obj)
                0x03806180                vex::brain::lcd::_drawRectangle(int, int, int, int, unsigned long)
 .text._ZN3vex5brain3lcd13drawRectangleEiiiiRKNS_5colorE
                0x038061f4       0x68 C:\Program Files (x86)\VEX Robotics\VEXcode Pro V5\sdk/vexv5\libv5rt.a(vex_brain.cpp.obj)
                0x038061f4                vex::brain::lcd::drawRectangle(int, int, int, int, vex::color const&)
 .text._ZN3vex5brain3lcd9xPositionEv
                0x0380625c       0x24 C:\Program Files (x86)\VEX Robotics\VEXcode Pro V5\sdk/vexv5\libv5rt.a(vex_brain.cpp.obj)
                0x0380625c                vex::brain::lcd::xPosition()
 .text._ZN3vex5brain3lcd9yPositionEv
                0x03806280       0x24 C:\Program Files (x86)\VEX Robotics\VEXcode Pro V5\sdk/vexv5\libv5rt.a(vex_brain.cpp.obj)
                0x03806280                vex::brain::lcd::yPosition()
 .text._ZN3vex5brain3lcd7pressedEPFvvE
                0x038062a4       0x1c C:\Program Files (x86)\VEX Robotics\VEXcode Pro V5\sdk/vexv5\libv5rt.a(vex_brain.cpp.obj)
                0x038062a4                vex::brain::lcd::pressed(void (*)())
 .text._ZN3vex5brain3lcd8releasedEPFvvE
                0x038062c0       0x1c C:\Program Files (x86)\VEX Robotics\VEXcode Pro V5\sdk/vexv5\libv5rt.a(vex_brain.cpp.obj)
                0x038062c0                vex::brain::lcd::released(void (*)())
 .text._ZN3vex5brain3lcd20_validateImageBufferEPh
                0x038062dc       0x58 C:\Program Files (x86)\VEX Robotics\VEXcode Pro V5\sdk/vexv5\libv5rt.a(vex_brain.cpp.obj)
                0x038062dc                vex::brain::lcd::_validateImageBuffer(unsigned char*)
 .text._ZN3vex5brain3lcd17drawImageFromFileEPKcii
                0x03806334      0x264 C:\Program Files (x86)\VEX Robotics\VEXcode Pro V5\sdk/vexv5\libv5rt.a(vex_brain.cpp.obj)
                0x03806334                vex::brain::lcd::drawImageFromFile(char const*, int, int)
 .text._ZN3vex5brainD2Ev
                0x03806598       0x20 C:\Program Files (x86)\VEX Robotics\VEXcode Pro V5\sdk/vexv5\libv5rt.a(vex_brain.cpp.obj)
                0x03806598                vex::brain::~brain()
                0x03806598                vex::brain::~brain()
 .text._ZN3vex11competition11_autonomousEv
                0x038065b8       0x90 C:\Program Files (x86)\VEX Robotics\VEXcode Pro V5\sdk/vexv5\libv5rt.a(vex_competition.cpp.obj)
                0x038065b8                vex::competition::_autonomous()
 .text._ZN3vex11competition14_drivercontrolEv
                0x03806648       0x90 C:\Program Files (x86)\VEX Robotics\VEXcode Pro V5\sdk/vexv5\libv5rt.a(vex_competition.cpp.obj)
                0x03806648                vex::competition::_drivercontrol()
 .text._ZN3vex11competition8_disableEPv
                0x038066d8       0xc8 C:\Program Files (x86)\VEX Robotics\VEXcode Pro V5\sdk/vexv5\libv5rt.a(vex_competition.cpp.obj)
                0x038066d8                vex::competition::_disable(void*)
 .text._ZN3vex11competitionC2Ev
                0x038067a0      0x13c C:\Program Files (x86)\VEX Robotics\VEXcode Pro V5\sdk/vexv5\libv5rt.a(vex_competition.cpp.obj)
                0x038067a0                vex::competition::competition()
                0x038067a0                vex::competition::competition()
 .text._ZN3vex11competitionD2Ev
                0x038068dc        0x4 C:\Program Files (x86)\VEX Robotics\VEXcode Pro V5\sdk/vexv5\libv5rt.a(vex_competition.cpp.obj)
                0x038068dc                vex::competition::~competition()
                0x038068dc                vex::competition::~competition()
 .text._ZN3vex11competition10autonomousEPFvvE
                0x038068e0       0x44 C:\Program Files (x86)\VEX Robotics\VEXcode Pro V5\sdk/vexv5\libv5rt.a(vex_competition.cpp.obj)
                0x038068e0                vex::competition::autonomous(void (*)())
 .text._ZN3vex11competition13drivercontrolEPFvvE
                0x03806924       0x44 C:\Program Files (x86)\VEX Robotics\VEXcode Pro V5\sdk/vexv5\libv5rt.a(vex_competition.cpp.obj)
                0x03806924                vex::competition::drivercontrol(void (*)())
 .text._ZN3vex7triportD2Ev
                0x03806968       0x38 C:\Program Files (x86)\VEX Robotics\VEXcode Pro V5\sdk/vexv5\libv5rt.a(vex_triport.cpp.obj)
                0x03806968                vex::triport::~triport()
                0x03806968                vex::triport::~triport()
 .text._ZN3vex7triportD0Ev
                0x038069a0       0x1c C:\Program Files (x86)\VEX Robotics\VEXcode Pro V5\sdk/vexv5\libv5rt.a(vex_triport.cpp.obj)
                0x038069a0                vex::triport::~triport()
 .text._ZN3vex7triport9installedEv
                0x038069bc       0x18 C:\Program Files (x86)\VEX Robotics\VEXcode Pro V5\sdk/vexv5\libv5rt.a(vex_triport.cpp.obj)
                0x038069bc                vex::triport::installed()
 .text._ZN3vex7triport4portC2ElPS0_
                0x038069d4       0x74 C:\Program Files (x86)\VEX Robotics\VEXcode Pro V5\sdk/vexv5\libv5rt.a(vex_triport.cpp.obj)
                0x038069d4                vex::triport::port::port(long, vex::triport*)
                0x038069d4                vex::triport::port::port(long, vex::triport*)
 .text._ZN3vex7triportC2El
                0x03806a48       0xf0 C:\Program Files (x86)\VEX Robotics\VEXcode Pro V5\sdk/vexv5\libv5rt.a(vex_triport.cpp.obj)
                0x03806a48                vex::triport::triport(long)
                0x03806a48                vex::triport::triport(long)
 .text._ZN3vex7triport4port4typeENS_11triportTypeE
                0x03806b38       0x30 C:\Program Files (x86)\VEX Robotics\VEXcode Pro V5\sdk/vexv5\libv5rt.a(vex_triport.cpp.obj)
                0x03806b38                vex::triport::port::type(vex::triportType)
 .text._ZN3vex7triport4port4typeEv
                0x03806b68       0x38 C:\Program Files (x86)\VEX Robotics\VEXcode Pro V5\sdk/vexv5\libv5rt.a(vex_triport.cpp.obj)
                0x03806b68                vex::triport::port::type()
 .text._ZN3vex7triport4port5valueEv
                0x03806ba0       0x14 C:\Program Files (x86)\VEX Robotics\VEXcode Pro V5\sdk/vexv5\libv5rt.a(vex_triport.cpp.obj)
                0x03806ba0                vex::triport::port::value()
 .text._ZN3vex7triport4port5valueEl
                0x03806bb4       0x18 C:\Program Files (x86)\VEX Robotics\VEXcode Pro V5\sdk/vexv5\libv5rt.a(vex_triport.cpp.obj)
                0x03806bb4                vex::triport::port::value(long)
 *fill*         0x03806bcc        0x4 
 .text._ZN3vex7triport4port11setRotationEdNS_13rotationUnitsE
                0x03806bd0       0x50 C:\Program Files (x86)\VEX Robotics\VEXcode Pro V5\sdk/vexv5\libv5rt.a(vex_triport.cpp.obj)
                0x03806bd0                vex::triport::port::setRotation(double, vex::rotationUnits)
 .text._ZN3vex7triport4port13resetRotationEv
                0x03806c20       0x20 C:\Program Files (x86)\VEX Robotics\VEXcode Pro V5\sdk/vexv5\libv5rt.a(vex_triport.cpp.obj)
                0x03806c20                vex::triport::port::resetRotation()
 .text._ZN3vex7triport4port8rotationENS_13rotationUnitsE
                0x03806c40       0x40 C:\Program Files (x86)\VEX Robotics\VEXcode Pro V5\sdk/vexv5\libv5rt.a(vex_triport.cpp.obj)
                0x03806c40                vex::triport::port::rotation(vex::rotationUnits)
 .text._ZN3vex7triport4port14_convertAnalogENS_11analogUnitsE
                0x03806c80       0x58 C:\Program Files (x86)\VEX Robotics\VEXcode Pro V5\sdk/vexv5\libv5rt.a(vex_triport.cpp.obj)
                0x03806c80                vex::triport::port::_convertAnalog(vex::analogUnits)
 .text._ZN3vex11__trideviceC2ERNS_7triport4portENS_11triportTypeE
                0x03806cd8       0x5c C:\Program Files (x86)\VEX Robotics\VEXcode Pro V5\sdk/vexv5\libv5rt.a(vex_triport.cpp.obj)
                0x03806cd8                vex::__tridevice::__tridevice(vex::triport::port&, vex::triportType)
                0x03806cd8                vex::__tridevice::__tridevice(vex::triport::port&, vex::triportType)
 .text._ZN3vex11__tridevice14_convertAnalogENS_11analogUnitsE
                0x03806d34        0x8 C:\Program Files (x86)\VEX Robotics\VEXcode Pro V5\sdk/vexv5\libv5rt.a(vex_triport.cpp.obj)
                0x03806d34                vex::__tridevice::_convertAnalog(vex::analogUnits)
 .text._ZN3vex5limitC2ERNS_7triport4portE
                0x03806d3c       0x28 C:\Program Files (x86)\VEX Robotics\VEXcode Pro V5\sdk/vexv5\libv5rt.a(vex_triport.cpp.obj)
                0x03806d3c                vex::limit::limit(vex::triport::port&)
                0x03806d3c                vex::limit::limit(vex::triport::port&)
 .text._ZN3vex5limitD2Ev
                0x03806d64        0x4 C:\Program Files (x86)\VEX Robotics\VEXcode Pro V5\sdk/vexv5\libv5rt.a(vex_triport.cpp.obj)
                0x03806d64                vex::limit::~limit()
                0x03806d64                vex::limit::~limit()
 .text._ZN3vex5limit5valueEv
                0x03806d68        0x8 C:\Program Files (x86)\VEX Robotics\VEXcode Pro V5\sdk/vexv5\libv5rt.a(vex_triport.cpp.obj)
                0x03806d68                vex::limit::value()
 .text._ZN3vex4lineC2ERNS_7triport4portE
                0x03806d70       0x20 C:\Program Files (x86)\VEX Robotics\VEXcode Pro V5\sdk/vexv5\libv5rt.a(vex_triport.cpp.obj)
                0x03806d70                vex::line::line(vex::triport::port&)
                0x03806d70                vex::line::line(vex::triport::port&)
 .text._ZN3vex4lineD2Ev
                0x03806d90        0x4 C:\Program Files (x86)\VEX Robotics\VEXcode Pro V5\sdk/vexv5\libv5rt.a(vex_triport.cpp.obj)
                0x03806d90                vex::line::~line()
                0x03806d90                vex::line::~line()
 .text._ZN3vex4line12reflectivityENS_12percentUnitsE
                0x03806d94       0x30 C:\Program Files (x86)\VEX Robotics\VEXcode Pro V5\sdk/vexv5\libv5rt.a(vex_triport.cpp.obj)
                0x03806d94                vex::line::reflectivity(vex::percentUnits)
 .text._ZN3vex7encoderC2ERNS_7triport4portE
                0x03806dc4       0x20 C:\Program Files (x86)\VEX Robotics\VEXcode Pro V5\sdk/vexv5\libv5rt.a(vex_triport.cpp.obj)
                0x03806dc4                vex::encoder::encoder(vex::triport::port&)
                0x03806dc4                vex::encoder::encoder(vex::triport::port&)
 .text._ZN3vex7encoderD2Ev
                0x03806de4        0x4 C:\Program Files (x86)\VEX Robotics\VEXcode Pro V5\sdk/vexv5\libv5rt.a(vex_triport.cpp.obj)
                0x03806de4                vex::encoder::~encoder()
                0x03806de4                vex::encoder::~encoder()
 .text._ZN3vex7encoder13resetRotationEv
                0x03806de8        0x8 C:\Program Files (x86)\VEX Robotics\VEXcode Pro V5\sdk/vexv5\libv5rt.a(vex_triport.cpp.obj)
                0x03806de8                vex::encoder::resetRotation()
 .text._ZN3vex7encoder8rotationENS_13rotationUnitsE
                0x03806df0        0x8 C:\Program Files (x86)\VEX Robotics\VEXcode Pro V5\sdk/vexv5\libv5rt.a(vex_triport.cpp.obj)
                0x03806df0                vex::encoder::rotation(vex::rotationUnits)
 .text.startup._GLOBAL__sub_I__ZN3vex7triportC2El
                0x03806df8       0x30 C:\Program Files (x86)\VEX Robotics\VEXcode Pro V5\sdk/vexv5\libv5rt.a(vex_triport.cpp.obj)
 .text._ZN3vex5colorD2Ev
                0x03806e28        0x4 C:\Program Files (x86)\VEX Robotics\VEXcode Pro V5\sdk/vexv5\libv5rt.a(vex_color.cpp.obj)
                0x03806e28                vex::color::~color()
                0x03806e28                vex::color::~color()
 .text._ZN3vex5colorC2Ev
                0x03806e2c       0x10 C:\Program Files (x86)\VEX Robotics\VEXcode Pro V5\sdk/vexv5\libv5rt.a(vex_color.cpp.obj)
                0x03806e2c                vex::color::color()
                0x03806e2c                vex::color::color()
 .text._ZN3vex5colorC2Ei
                0x03806e3c       0x10 C:\Program Files (x86)\VEX Robotics\VEXcode Pro V5\sdk/vexv5\libv5rt.a(vex_color.cpp.obj)
                0x03806e3c                vex::color::color(int)
                0x03806e3c                vex::color::color(int)
 .text._ZNK3vex5colorcvmEv
                0x03806e4c        0x8 C:\Program Files (x86)\VEX Robotics\VEXcode Pro V5\sdk/vexv5\libv5rt.a(vex_color.cpp.obj)
                0x03806e4c                vex::color::operator unsigned long() const
 .text._ZNK3vex5color13isTransparentEv
                0x03806e54        0x8 C:\Program Files (x86)\VEX Robotics\VEXcode Pro V5\sdk/vexv5\libv5rt.a(vex_color.cpp.obj)
                0x03806e54                vex::color::isTransparent() const
 .text.startup._GLOBAL__sub_I__ZN3vex5color5blackE
                0x03806e5c      0x164 C:\Program Files (x86)\VEX Robotics\VEXcode Pro V5\sdk/vexv5\libv5rt.a(vex_color.cpp.obj)
 .text._ZN3vex5timerD2Ev
                0x03806fc0        0x4 C:\Program Files (x86)\VEX Robotics\VEXcode Pro V5\sdk/vexv5\libv5rt.a(vex_timer.cpp.obj)
                0x03806fc0                vex::timer::~timer()
                0x03806fc0                vex::timer::~timer()
 .text._ZN3vex5timer5clearEv
                0x03806fc4       0x1c C:\Program Files (x86)\VEX Robotics\VEXcode Pro V5\sdk/vexv5\libv5rt.a(vex_timer.cpp.obj)
                0x03806fc4                vex::timer::clear()
 .text._ZN3vex5timerC2Ev
                0x03806fe0       0x14 C:\Program Files (x86)\VEX Robotics\VEXcode Pro V5\sdk/vexv5\libv5rt.a(vex_timer.cpp.obj)
                0x03806fe0                vex::timer::timer()
                0x03806fe0                vex::timer::timer()
 .text._ZN3vex11motor_group18motor_group_motorsC2Ev
                0x03806ff4       0x28 C:\Program Files (x86)\VEX Robotics\VEXcode Pro V5\sdk/vexv5\libv5rt.a(vex_motorgroup.cpp.obj)
                0x03806ff4                vex::motor_group::motor_group_motors::motor_group_motors()
                0x03806ff4                vex::motor_group::motor_group_motors::motor_group_motors()
 .text._ZN3vex11motor_groupC2Ev
                0x0380701c       0x1c C:\Program Files (x86)\VEX Robotics\VEXcode Pro V5\sdk/vexv5\libv5rt.a(vex_motorgroup.cpp.obj)
                0x0380701c                vex::motor_group::motor_group()
                0x0380701c                vex::motor_group::motor_group()
 .text._ZN3vex11motor_groupD2Ev
                0x03807038        0x4 C:\Program Files (x86)\VEX Robotics\VEXcode Pro V5\sdk/vexv5\libv5rt.a(vex_motorgroup.cpp.obj)
                0x03807038                vex::motor_group::~motor_group()
                0x03807038                vex::motor_group::~motor_group()
 .text._ZN3vex11motor_group9_addMotorERNS_5motorE
                0x0380703c       0x20 C:\Program Files (x86)\VEX Robotics\VEXcode Pro V5\sdk/vexv5\libv5rt.a(vex_motorgroup.cpp.obj)
                0x0380703c                vex::motor_group::_addMotor(vex::motor&)
 .text._ZN3vex11motor_group11setVelocityEdNS_13velocityUnitsE
                0x0380705c       0x4c C:\Program Files (x86)\VEX Robotics\VEXcode Pro V5\sdk/vexv5\libv5rt.a(vex_motorgroup.cpp.obj)
                0x0380705c                vex::motor_group::setVelocity(double, vex::velocityUnits)
 .text._ZN3vex11motor_group13resetRotationEv
                0x038070a8       0x30 C:\Program Files (x86)\VEX Robotics\VEXcode Pro V5\sdk/vexv5\libv5rt.a(vex_motorgroup.cpp.obj)
                0x038070a8                vex::motor_group::resetRotation()
 .text._ZN3vex11motor_group4spinENS_13directionTypeEdNS_13velocityUnitsE
                0x038070d8       0x54 C:\Program Files (x86)\VEX Robotics\VEXcode Pro V5\sdk/vexv5\libv5rt.a(vex_motorgroup.cpp.obj)
                0x038070d8                vex::motor_group::spin(vex::directionType, double, vex::velocityUnits)
 .text._ZN3vex11motor_group4spinENS_13directionTypeEdNS_12voltageUnitsE
                0x0380712c       0x54 C:\Program Files (x86)\VEX Robotics\VEXcode Pro V5\sdk/vexv5\libv5rt.a(vex_motorgroup.cpp.obj)
                0x0380712c                vex::motor_group::spin(vex::directionType, double, vex::voltageUnits)
 .text._ZN3vex11motor_group4stopEv
                0x03807180       0x30 C:\Program Files (x86)\VEX Robotics\VEXcode Pro V5\sdk/vexv5\libv5rt.a(vex_motorgroup.cpp.obj)
                0x03807180                vex::motor_group::stop()
 .text._ZN3vex11motor_group4stopENS_9brakeTypeE
                0x038071b0       0x38 C:\Program Files (x86)\VEX Robotics\VEXcode Pro V5\sdk/vexv5\libv5rt.a(vex_motorgroup.cpp.obj)
                0x038071b0                vex::motor_group::stop(vex::brakeType)
 .text._ZN3vex11motor_group8rotationENS_13rotationUnitsE
                0x038071e8        0xc C:\Program Files (x86)\VEX Robotics\VEXcode Pro V5\sdk/vexv5\libv5rt.a(vex_motorgroup.cpp.obj)
                0x038071e8                vex::motor_group::rotation(vex::rotationUnits)
 .text._ZN3vex11motor_group8velocityENS_13velocityUnitsE
                0x038071f4        0xc C:\Program Files (x86)\VEX Robotics\VEXcode Pro V5\sdk/vexv5\libv5rt.a(vex_motorgroup.cpp.obj)
                0x038071f4                vex::motor_group::velocity(vex::velocityUnits)
 .text._ZN3vex11motor_group11temperatureENS_12percentUnitsE
                0x03807200        0xc C:\Program Files (x86)\VEX Robotics\VEXcode Pro V5\sdk/vexv5\libv5rt.a(vex_motorgroup.cpp.obj)
                0x03807200                vex::motor_group::temperature(vex::percentUnits)
 .text.vexAdiPortConfigSet
                0x0380720c       0x28 C:\Program Files (x86)\VEX Robotics\VEXcode Pro V5\sdk/vexv5\libv5rt.a(v5_apiuser.c.obj)
                0x0380720c                vexAdiPortConfigSet
 .text.vexAdiPortConfigGet
                0x03807234       0x28 C:\Program Files (x86)\VEX Robotics\VEXcode Pro V5\sdk/vexv5\libv5rt.a(v5_apiuser.c.obj)
                0x03807234                vexAdiPortConfigGet
 .text.vexAdiValueSet
                0x0380725c       0x28 C:\Program Files (x86)\VEX Robotics\VEXcode Pro V5\sdk/vexv5\libv5rt.a(v5_apiuser.c.obj)
                0x0380725c                vexAdiValueSet
 .text.vexAdiValueGet
                0x03807284       0x20 C:\Program Files (x86)\VEX Robotics\VEXcode Pro V5\sdk/vexv5\libv5rt.a(v5_apiuser.c.obj)
                0x03807284                vexAdiValueGet
 .text.vexMotorVelocitySet
                0x038072a4       0x20 C:\Program Files (x86)\VEX Robotics\VEXcode Pro V5\sdk/vexv5\libv5rt.a(v5_apiuser.c.obj)
                0x038072a4                vexMotorVelocitySet
 .text.vexMotorVoltageSet
                0x038072c4       0x20 C:\Program Files (x86)\VEX Robotics\VEXcode Pro V5\sdk/vexv5\libv5rt.a(v5_apiuser.c.obj)
                0x038072c4                vexMotorVoltageSet
 .text.vexMotorActualVelocityGet
                0x038072e4       0x24 C:\Program Files (x86)\VEX Robotics\VEXcode Pro V5\sdk/vexv5\libv5rt.a(v5_apiuser.c.obj)
                0x038072e4                vexMotorActualVelocityGet
 .text.vexMotorTemperatureGet
                0x03807308       0x24 C:\Program Files (x86)\VEX Robotics\VEXcode Pro V5\sdk/vexv5\libv5rt.a(v5_apiuser.c.obj)
                0x03807308                vexMotorTemperatureGet
 .text.vexMotorReverseFlagSet
                0x0380732c       0x20 C:\Program Files (x86)\VEX Robotics\VEXcode Pro V5\sdk/vexv5\libv5rt.a(v5_apiuser.c.obj)
                0x0380732c                vexMotorReverseFlagSet
 .text.vexMotorEncoderUnitsSet
                0x0380734c       0x20 C:\Program Files (x86)\VEX Robotics\VEXcode Pro V5\sdk/vexv5\libv5rt.a(v5_apiuser.c.obj)
                0x0380734c                vexMotorEncoderUnitsSet
 .text.vexMotorBrakeModeSet
                0x0380736c       0x20 C:\Program Files (x86)\VEX Robotics\VEXcode Pro V5\sdk/vexv5\libv5rt.a(v5_apiuser.c.obj)
                0x0380736c                vexMotorBrakeModeSet
 .text.vexMotorPositionSet
                0x0380738c       0x28 C:\Program Files (x86)\VEX Robotics\VEXcode Pro V5\sdk/vexv5\libv5rt.a(v5_apiuser.c.obj)
                0x0380738c                vexMotorPositionSet
 .text.vexMotorPositionGet
                0x038073b4       0x24 C:\Program Files (x86)\VEX Robotics\VEXcode Pro V5\sdk/vexv5\libv5rt.a(v5_apiuser.c.obj)
                0x038073b4                vexMotorPositionGet
 .text.vexMotorGearingSet
                0x038073d8       0x20 C:\Program Files (x86)\VEX Robotics\VEXcode Pro V5\sdk/vexv5\libv5rt.a(v5_apiuser.c.obj)
                0x038073d8                vexMotorGearingSet
 .text.vexMotorGearingGet
                0x038073f8       0x18 C:\Program Files (x86)\VEX Robotics\VEXcode Pro V5\sdk/vexv5\libv5rt.a(v5_apiuser.c.obj)
                0x038073f8                vexMotorGearingGet
 .text.vexVisionModeSet
                0x03807410       0x20 C:\Program Files (x86)\VEX Robotics\VEXcode Pro V5\sdk/vexv5\libv5rt.a(v5_apiuser.c.obj)
                0x03807410                vexVisionModeSet
 .text.vexVisionObjectCountGet
                0x03807430       0x18 C:\Program Files (x86)\VEX Robotics\VEXcode Pro V5\sdk/vexv5\libv5rt.a(v5_apiuser.c.obj)
                0x03807430                vexVisionObjectCountGet
 .text.vexVisionObjectGet
                0x03807448       0x28 C:\Program Files (x86)\VEX Robotics\VEXcode Pro V5\sdk/vexv5\libv5rt.a(v5_apiuser.c.obj)
                0x03807448                vexVisionObjectGet
 .text.vexVisionSignatureSet
                0x03807470       0x20 C:\Program Files (x86)\VEX Robotics\VEXcode Pro V5\sdk/vexv5\libv5rt.a(v5_apiuser.c.obj)
                0x03807470                vexVisionSignatureSet
 .text.vexVisionBrightnessSet
                0x03807490       0x20 C:\Program Files (x86)\VEX Robotics\VEXcode Pro V5\sdk/vexv5\libv5rt.a(v5_apiuser.c.obj)
                0x03807490                vexVisionBrightnessSet
 .text.vexVisionLedModeSet
                0x038074b0       0x20 C:\Program Files (x86)\VEX Robotics\VEXcode Pro V5\sdk/vexv5\libv5rt.a(v5_apiuser.c.obj)
                0x038074b0                vexVisionLedModeSet
 .text.vexVisionLedColorSet
                0x038074d0       0x2c C:\Program Files (x86)\VEX Robotics\VEXcode Pro V5\sdk/vexv5\libv5rt.a(v5_apiuser.c.obj)
                0x038074d0                vexVisionLedColorSet
 .text.vexImuReset
                0x038074fc       0x10 C:\Program Files (x86)\VEX Robotics\VEXcode Pro V5\sdk/vexv5\libv5rt.a(v5_apiuser.c.obj)
                0x038074fc                vexImuReset
 .text.vexImuHeadingGet
                0x0380750c       0x10 C:\Program Files (x86)\VEX Robotics\VEXcode Pro V5\sdk/vexv5\libv5rt.a(v5_apiuser.c.obj)
                0x0380750c                vexImuHeadingGet
 .text.vexImuDegreesGet
                0x0380751c       0x10 C:\Program Files (x86)\VEX Robotics\VEXcode Pro V5\sdk/vexv5\libv5rt.a(v5_apiuser.c.obj)
                0x0380751c                vexImuDegreesGet
 .text.vexImuStatusGet
                0x0380752c       0x10 C:\Program Files (x86)\VEX Robotics\VEXcode Pro V5\sdk/vexv5\libv5rt.a(v5_apiuser.c.obj)
                0x0380752c                vexImuStatusGet
 .text.vexEventMaskSet
                0x0380753c       0x28 C:\Program Files (x86)\VEX Robotics\VEXcode Pro V5\sdk/vexv5\libv5rt.a(v5_apiuser.c.obj)
                0x0380753c                vexEventMaskSet
 .text.vexEventMaskGet
                0x03807564       0x18 C:\Program Files (x86)\VEX Robotics\VEXcode Pro V5\sdk/vexv5\libv5rt.a(v5_apiuser.c.obj)
                0x03807564                vexEventMaskGet
 .text._ZN3vex6deviceD2Ev
                0x0380757c        0x4 C:\Program Files (x86)\VEX Robotics\VEXcode Pro V5\sdk/vexv5\libv5rt.a(vex_device.cpp.obj)
                0x0380757c                vex::device::~device()
                0x0380757c                vex::device::~device()
 .text._ZN3vex6device5valueEv
                0x03807580        0x8 C:\Program Files (x86)\VEX Robotics\VEXcode Pro V5\sdk/vexv5\libv5rt.a(vex_device.cpp.obj)
                0x03807580                vex::device::value()
 .text._ZN3vex6deviceD0Ev
                0x03807588       0x14 C:\Program Files (x86)\VEX Robotics\VEXcode Pro V5\sdk/vexv5\libv5rt.a(vex_device.cpp.obj)
                0x03807588                vex::device::~device()
 .text._ZN3vex6device4initEl
                0x0380759c       0x30 C:\Program Files (x86)\VEX Robotics\VEXcode Pro V5\sdk/vexv5\libv5rt.a(vex_device.cpp.obj)
                0x0380759c                vex::device::init(long)
 .text._ZN3vex6deviceC2El
                0x038075cc       0x20 C:\Program Files (x86)\VEX Robotics\VEXcode Pro V5\sdk/vexv5\libv5rt.a(vex_device.cpp.obj)
                0x038075cc                vex::device::device(long)
                0x038075cc                vex::device::device(long)
 .text._ZN3vex6device4typeEv
                0x038075ec       0x10 C:\Program Files (x86)\VEX Robotics\VEXcode Pro V5\sdk/vexv5\libv5rt.a(vex_device.cpp.obj)
                0x038075ec                vex::device::type()
 .text._ZN3vex6device9installedEv
                0x038075fc       0x14 C:\Program Files (x86)\VEX Robotics\VEXcode Pro V5\sdk/vexv5\libv5rt.a(vex_device.cpp.obj)
                0x038075fc                vex::device::installed()
 .text.__aeabi_memclr
                0x03807610        0x8 C:\Program Files (x86)\VEX Robotics\VEXcode Pro V5\sdk/vexv5/gcc/libs\libc.a(lib_a-aeabi_memclr.o)
                0x03807610                __aeabi_memclr4
                0x03807610                __aeabi_memclr
                0x03807610                __aeabi_memclr8
 .text.__libc_fini_array
                0x03807618       0x30 C:\Program Files (x86)\VEX Robotics\VEXcode Pro V5\sdk/vexv5/gcc/libs\libc.a(lib_a-fini.o)
                0x03807618                __libc_fini_array
 .text.__libc_init_array
                0x03807648       0x58 C:\Program Files (x86)\VEX Robotics\VEXcode Pro V5\sdk/vexv5/gcc/libs\libc.a(lib_a-init.o)
                0x03807648                __libc_init_array
 .text.tolower  0x038076a0       0x1c C:\Program Files (x86)\VEX Robotics\VEXcode Pro V5\sdk/vexv5/gcc/libs\libc.a(lib_a-tolower.o)
                0x038076a0                tolower
 *fill*         0x038076bc        0x4 
 .text.tolower.__stub
                0x038076c0       0x18 linker stubs
 *(.gnu.linkonce.t.*)
 *(.plt)
 *(.gnu_warning)
 *(.gcc_except_table)
 *(.glue_7)
 .glue_7        0x00000000        0x0 linker stubs
 *(.glue_7t)
 .glue_7t       0x00000000        0x0 linker stubs
 *(.vfp11_veneer)
 .vfp11_veneer  0x00000000        0x0 linker stubs
 *(.ARM.extab)
 *(.gnu.linkonce.armextab.*)

.v4_bx          0x038076d8        0x0
 .v4_bx         0x00000000        0x0 linker stubs

.iplt           0x038076d8        0x0
 .iplt          0x00000000        0x0 build/src/main.o

.init
 *(.init)

.fini
 *(.fini)

.rodata         0x038076d8      0x46d
                0x038076d8                __rodata_start = .
 *(.rodata)
 *(.rodata.*)
 .rodata.str1.1
                0x038076d8        0x5 build/src/main.o
 .rodata.str1.1
                0x038076dd      0x199 build/src/autonFunctions.o
                                0x1ac (size before relaxing)
 .rodata.str1.1
                0x03807876       0x2e C:\Program Files (x86)\VEX Robotics\VEXcode Pro V5\sdk/vexv5\libv5rt.a(v5_startup.c.obj)
 .rodata._ZN3vex6PORT20E
                0x038078a4        0x4 C:\Program Files (x86)\VEX Robotics\VEXcode Pro V5\sdk/vexv5\libv5rt.a(vex_global.cpp.obj)
                0x038078a4                vex::PORT20
 .rodata._ZN3vex3revE
                0x038078a8        0x4 C:\Program Files (x86)\VEX Robotics\VEXcode Pro V5\sdk/vexv5\libv5rt.a(vex_global.cpp.obj)
                0x038078a8                vex::rev
 .rodata._ZN3vex3fwdE
                0x038078ac        0x4 C:\Program Files (x86)\VEX Robotics\VEXcode Pro V5\sdk/vexv5\libv5rt.a(vex_global.cpp.obj)
                0x038078ac                vex::fwd
 .rodata._ZN3vex5PORT3E
                0x038078b0        0x4 C:\Program Files (x86)\VEX Robotics\VEXcode Pro V5\sdk/vexv5\libv5rt.a(vex_global.cpp.obj)
                0x038078b0                vex::PORT3
 .rodata._ZN3vex5PORT5E
                0x038078b4        0x4 C:\Program Files (x86)\VEX Robotics\VEXcode Pro V5\sdk/vexv5\libv5rt.a(vex_global.cpp.obj)
                0x038078b4                vex::PORT5
 .rodata._ZN3vex3pctE
                0x038078b8        0x4 C:\Program Files (x86)\VEX Robotics\VEXcode Pro V5\sdk/vexv5\libv5rt.a(vex_global.cpp.obj)
                0x038078b8                vex::pct
 .rodata._ZN3vex4msecE
                0x038078bc        0x4 C:\Program Files (x86)\VEX Robotics\VEXcode Pro V5\sdk/vexv5\libv5rt.a(vex_global.cpp.obj)
                0x038078bc                vex::msec
 .rodata._ZN3vex3rpmE
                0x038078c0        0x4 C:\Program Files (x86)\VEX Robotics\VEXcode Pro V5\sdk/vexv5\libv5rt.a(vex_global.cpp.obj)
                0x038078c0                vex::rpm
 .rodata._ZN3vex6PORT11E
                0x038078c4        0x4 C:\Program Files (x86)\VEX Robotics\VEXcode Pro V5\sdk/vexv5\libv5rt.a(vex_global.cpp.obj)
                0x038078c4                vex::PORT11
 .rodata._ZN3vex5PORT6E
                0x038078c8        0x4 C:\Program Files (x86)\VEX Robotics\VEXcode Pro V5\sdk/vexv5\libv5rt.a(vex_global.cpp.obj)
                0x038078c8                vex::PORT6
 .rodata._ZN3vex7primaryE
                0x038078cc        0x4 C:\Program Files (x86)\VEX Robotics\VEXcode Pro V5\sdk/vexv5\libv5rt.a(vex_global.cpp.obj)
                0x038078cc                vex::primary
 .rodata._ZN3vex3degE
                0x038078d0        0x4 C:\Program Files (x86)\VEX Robotics\VEXcode Pro V5\sdk/vexv5\libv5rt.a(vex_global.cpp.obj)
                0x038078d0                vex::deg
 .rodata._ZN3vex6PORT15E
                0x038078d4        0x4 C:\Program Files (x86)\VEX Robotics\VEXcode Pro V5\sdk/vexv5\libv5rt.a(vex_global.cpp.obj)
                0x038078d4                vex::PORT15
 .rodata._ZN3vex6PORT19E
                0x038078d8        0x4 C:\Program Files (x86)\VEX Robotics\VEXcode Pro V5\sdk/vexv5\libv5rt.a(vex_global.cpp.obj)
                0x038078d8                vex::PORT19
 .rodata._ZN3vex6PORT22E
                0x038078dc        0x4 C:\Program Files (x86)\VEX Robotics\VEXcode Pro V5\sdk/vexv5\libv5rt.a(vex_global.cpp.obj)
                0x038078dc                vex::PORT22
 .rodata._ZN3vex4holdE
                0x038078e0        0x4 C:\Program Files (x86)\VEX Robotics\VEXcode Pro V5\sdk/vexv5\libv5rt.a(vex_global.cpp.obj)
                0x038078e0                vex::hold
 .rodata._ZN3vex6PORT12E
                0x038078e4        0x4 C:\Program Files (x86)\VEX Robotics\VEXcode Pro V5\sdk/vexv5\libv5rt.a(vex_global.cpp.obj)
                0x038078e4                vex::PORT12
 .rodata._ZN3vex6PORT16E
                0x038078e8        0x4 C:\Program Files (x86)\VEX Robotics\VEXcode Pro V5\sdk/vexv5\libv5rt.a(vex_global.cpp.obj)
                0x038078e8                vex::PORT16
 .rodata._ZN3vex8ratio6_1E
                0x038078ec        0x4 C:\Program Files (x86)\VEX Robotics\VEXcode Pro V5\sdk/vexv5\libv5rt.a(vex_global.cpp.obj)
                0x038078ec                vex::ratio6_1
 .rodata._ZN3vex5brakeE
                0x038078f0        0x4 C:\Program Files (x86)\VEX Robotics\VEXcode Pro V5\sdk/vexv5\libv5rt.a(vex_global.cpp.obj)
                0x038078f0                vex::brake
 .rodata._ZN3vex5coastE
                0x038078f4        0x4 C:\Program Files (x86)\VEX Robotics\VEXcode Pro V5\sdk/vexv5\libv5rt.a(vex_global.cpp.obj)
                0x038078f4                vex::coast
 .rodata._ZN3vex5PORT4E
                0x038078f8        0x4 C:\Program Files (x86)\VEX Robotics\VEXcode Pro V5\sdk/vexv5\libv5rt.a(vex_global.cpp.obj)
                0x038078f8                vex::PORT4
 .rodata._ZN3vex6PORT13E
                0x038078fc        0x4 C:\Program Files (x86)\VEX Robotics\VEXcode Pro V5\sdk/vexv5\libv5rt.a(vex_global.cpp.obj)
                0x038078fc                vex::PORT13
 .rodata._ZTVN3vex5motorE
                0x03807900       0x18 C:\Program Files (x86)\VEX Robotics\VEXcode Pro V5\sdk/vexv5\libv5rt.a(vex_motor.cpp.obj)
                0x03807900                vtable for vex::motor
 .rodata._ZTVN3vex6visionE
                0x03807918       0x18 C:\Program Files (x86)\VEX Robotics\VEXcode Pro V5\sdk/vexv5\libv5rt.a(vex_vision.cpp.obj)
                0x03807918                vtable for vex::vision
 .rodata._ZTVN3vex8inertialE
                0x03807930       0x60 C:\Program Files (x86)\VEX Robotics\VEXcode Pro V5\sdk/vexv5\libv5rt.a(vex_imu.cpp.obj)
                0x03807930                vtable for vex::inertial
 .rodata.CSWTCH.16
                0x03807990        0xb C:\Program Files (x86)\VEX Robotics\VEXcode Pro V5\sdk/vexv5\libv5rt.a(vex_controller.cpp.obj)
 .rodata.CSWTCH.18
                0x0380799b        0xb C:\Program Files (x86)\VEX Robotics\VEXcode Pro V5\sdk/vexv5\libv5rt.a(vex_controller.cpp.obj)
 .rodata.CSWTCH.24
                0x038079a6        0x3 C:\Program Files (x86)\VEX Robotics\VEXcode Pro V5\sdk/vexv5\libv5rt.a(vex_controller.cpp.obj)
 .rodata.str1.1
                0x038079a9       0x14 C:\Program Files (x86)\VEX Robotics\VEXcode Pro V5\sdk/vexv5\libv5rt.a(vex_task.cpp.obj)
 .rodata.str1.1
                0x038079bd       0x2d C:\Program Files (x86)\VEX Robotics\VEXcode Pro V5\sdk/vexv5\libv5rt.a(vex_brain.cpp.obj)
 .rodata.CSWTCH.36
                0x038079ea       0x10 C:\Program Files (x86)\VEX Robotics\VEXcode Pro V5\sdk/vexv5\libv5rt.a(vex_triport.cpp.obj)
 *fill*         0x038079fa        0x6 
 .rodata._ZTVN3vex7triportE
                0x03807a00       0x18 C:\Program Files (x86)\VEX Robotics\VEXcode Pro V5\sdk/vexv5\libv5rt.a(vex_triport.cpp.obj)
                0x03807a00                vtable for vex::triport
 .rodata.CSWTCH.31
                0x03807a18        0xe C:\Program Files (x86)\VEX Robotics\VEXcode Pro V5\sdk/vexv5\libv5rt.a(vex_triport.cpp.obj)
 *fill*         0x03807a26        0x2 
 .rodata._ZTVN3vex6deviceE
                0x03807a28       0x18 C:\Program Files (x86)\VEX Robotics\VEXcode Pro V5\sdk/vexv5\libv5rt.a(vex_device.cpp.obj)
                0x03807a28                vtable for vex::device
 .rodata.str1.4
                0x03807a40        0x4 C:\Program Files (x86)\VEX Robotics\VEXcode Pro V5\sdk/vexv5/gcc/libs\libc.a(lib_a-impure.o)
                                  0x2 (size before relaxing)
 .rodata._ctype_
                0x03807a44      0x101 C:\Program Files (x86)\VEX Robotics\VEXcode Pro V5\sdk/vexv5/gcc/libs\libc.a(lib_a-ctype_.o)
                0x03807a44                _ctype_
 *(.gnu.linkonce.r.*)
                0x03807b45                __rodata_end = .

.rodata1        0x03807b45        0x0
                0x03807b45                __rodata1_start = .
 *(.rodata1)
 *(.rodata1.*)
                0x03807b45                __rodata1_end = .

.sdata2         0x03807b45        0x0
                0x03807b45                __sdata2_start = .
 *(.sdata2)
 *(.sdata2.*)
 *(.gnu.linkonce.s2.*)
                0x03807b45                __sdata2_end = .

.sbss2          0x03807b45        0x0
                0x03807b45                __sbss2_start = .
 *(.sbss2)
 *(.sbss2.*)
 *(.gnu.linkonce.sb2.*)
                0x03807b45                __sbss2_end = .

.data           0x03807b48      0x448
                0x03807b48                __data_start = .
 *(.data)
 *(.data.*)
 .data.intakeSpeedPCT
                0x03807b48        0x4 build/src/autonFunctions.o
                0x03807b48                intakeSpeedPCT
 .data.autonomousSelection
                0x03807b4c        0x4 build/src/autonFunctions.o
                0x03807b4c                autonomousSelection
 .data.appRunning
                0x03807b50        0x4 C:\Program Files (x86)\VEX Robotics\VEXcode Pro V5\sdk/vexv5\libv5rt.a(v5_startup.c.obj)
                0x03807b50                appRunning
 .data.__yoff   0x03807b54        0x4 C:\Program Files (x86)\VEX Robotics\VEXcode Pro V5\sdk/vexv5\libv5rt.a(v5_apijump.c.obj)
 .data._ZN3vex24__default_motor_velocityE
                0x03807b58        0x4 C:\Program Files (x86)\VEX Robotics\VEXcode Pro V5\sdk/vexv5\libv5rt.a(vex_motor.cpp.obj)
                0x03807b58                vex::__default_motor_velocity
 *fill*         0x03807b5c        0x4 
 .data.impure_data
                0x03807b60      0x428 C:\Program Files (x86)\VEX Robotics\VEXcode Pro V5\sdk/vexv5/gcc/libs\libc.a(lib_a-impure.o)
 .data._impure_ptr
                0x03807f88        0x4 C:\Program Files (x86)\VEX Robotics\VEXcode Pro V5\sdk/vexv5/gcc/libs\libc.a(lib_a-impure.o)
                0x03807f88                _impure_ptr
 .data.__ctype_ptr__
                0x03807f8c        0x4 C:\Program Files (x86)\VEX Robotics\VEXcode Pro V5\sdk/vexv5/gcc/libs\libc.a(lib_a-ctype_.o)
                0x03807f8c                __ctype_ptr__
 *(.gnu.linkonce.d.*)
 *(.jcr)
 *(.got)
 *(.got.plt)
                0x03807f90                __data_end = .

.igot.plt       0x03807f90        0x0
 .igot.plt      0x00000000        0x0 build/src/main.o

.data1          0x03807f90        0x0
                0x03807f90                __data1_start = .
 *(.data1)
 *(.data1.*)
                0x03807f90                __data1_end = .

.got
 *(.got)

.ctors          0x03807f90        0x0
                0x03807f90                __CTOR_LIST__ = .
                0x03807f90                ___CTORS_LIST___ = .
 *crtbegin.o(.ctors)
 *(EXCLUDE_FILE(*crtend.o) .ctors)
 *(SORT(.ctors.*))
 *(.ctors)
                0x03807f90                __CTOR_END__ = .
                0x03807f90                ___CTORS_END___ = .

.dtors          0x03807f90        0x0
                0x03807f90                __DTOR_LIST__ = .
                0x03807f90                ___DTORS_LIST___ = .
 *crtbegin.o(.dtors)
 *(EXCLUDE_FILE(*crtend.o) .dtors)
 *(SORT(.dtors.*))
 *(.dtors)
                0x03807f90                __DTOR_END__ = .
                0x03807f90                ___DTORS_END___ = .

.fixup          0x03807f90        0x0
                0x03807f90                __fixup_start = .
 *(.fixup)
                0x03807f90                __fixup_end = .

.eh_frame
 *(.eh_frame)

.eh_framehdr    0x03807f90        0x0
                0x03807f90                __eh_framehdr_start = .
 *(.eh_framehdr)
                0x03807f90                __eh_framehdr_end = .

.gcc_except_table
 *(.gcc_except_table)

.mmu_tbl        0x03808000        0x0
                0x03808000                __mmu_tbl_start = .
 *(.mmu_tbl)
                0x03808000                __mmu_tbl_end = .

.ARM.exidx      0x03807f90        0x8
                0x03807f90                __exidx_start = .
 *(.ARM.exidx*)
 .ARM.exidx.text._Z10autonomousv
                0x03807f90        0x8 build/src/main.o
 .ARM.exidx.text._Z11usercontrolv
                0x03807f98        0x0 build/src/main.o
                                  0x8 (size before relaxing)
 .ARM.exidx.text.main
                0x03807f98        0x0 build/src/main.o
                                  0x8 (size before relaxing)
 .ARM.exidx.text._GLOBAL__sub_I_main.cpp
                0x03807f98        0x0 build/src/main.o
                                  0x8 (size before relaxing)
 .ARM.exidx.text._Z11vexcodeInitv
                0x03807f98        0x0 build/src/robot-config.o
                                  0x8 (size before relaxing)
 .ARM.exidx.text._GLOBAL__sub_I_robot_config.cpp
                0x03807f98        0x0 build/src/robot-config.o
                                  0x8 (size before relaxing)
 .ARM.exidx.text._Z15joyStickControlv
                0x03807f98        0x0 build/src/opControl.o
                                  0x8 (size before relaxing)
 .ARM.exidx.text._Z14conveyorTogglev
                0x03807f98        0x0 build/src/opControl.o
                                  0x8 (size before relaxing)
 .ARM.exidx.text._GLOBAL__sub_I_tracking.cpp
                0x03807f98        0x0 build/src/tracking.o
                                  0x8 (size before relaxing)
 .ARM.exidx.text._ZN3vex6visionC2IJNS0_9signatureES2_S2_S2_S2_S2_S2_EEElhDpRT_
                0x03807f98        0x0 build/src/autonFunctions.o
                                  0x8 (size before relaxing)
 .ARM.exidx.text._Z19inertialCalibrationv
                0x03807f98        0x0 build/src/autonFunctions.o
                                  0x8 (size before relaxing)
 .ARM.exidx.text._Z13resetFunctionv
                0x03807f98        0x0 build/src/autonFunctions.o